Component: ARM Compiler 5.06 update 2 (build 183) Tool: armlink [4d35b7]

==============================================================================

Section Cross References

    main.o(i.Button_Init) refers to mdr32f9qx_rst_clk.o(i.RST_CLK_PCLKcmd) for RST_CLK_PCLKcmd
    main.o(i.Button_Init) refers to mdr32f9qx_port.o(i.PORT_Init) for PORT_Init
    main.o(i.Button_Init) refers to main.o(.bss) for PortInit
    main.o(i.LED_Init) refers to mdr32f9qx_rst_clk.o(i.RST_CLK_PCLKcmd) for RST_CLK_PCLKcmd
    main.o(i.LED_Init) refers to mdr32f9qx_port.o(i.PORT_Init) for PORT_Init
    main.o(i.LED_Init) refers to mdr32f9qx_port.o(i.PORT_SetBits) for PORT_SetBits
    main.o(i.LED_Init) refers to mdr32f9qx_port.o(i.PORT_ResetBits) for PORT_ResetBits
    main.o(i.LED_Init) refers to main.o(.data) for i
    main.o(i.UART2SD) refers to mmc.o(i.disk_initialize) for disk_initialize
    main.o(i.UART2SD) refers to ff.o(i.f_mount) for f_mount
    main.o(i.UART2SD) refers to ff.o(i.f_mkdir) for f_mkdir
    main.o(i.UART2SD) refers to ff.o(i.f_open) for f_open
    main.o(i.UART2SD) refers to ff.o(i.f_write) for f_write
    main.o(i.UART2SD) refers to ff.o(i.f_close) for f_close
    main.o(i.UART2SD) refers to mdr32f9qx_uart.o(i.UART_ReceiveData) for UART_ReceiveData
    main.o(i.UART2SD) refers to ff.o(i.f_lseek) for f_lseek
    main.o(i.UART2SD) refers to mdr32f9qx_uart.o(i.UART_SendData) for UART_SendData
    main.o(i.UART2SD) refers to main.o(.bss) for fs
    main.o(i.UART2SD) refers to main.o(.data) for lin
    main.o(i.UART2_IRQHandler) refers to mdr32f9qx_uart.o(i.UART_GetITStatusMasked) for UART_GetITStatusMasked
    main.o(i.UART2_IRQHandler) refers to mdr32f9qx_uart.o(i.UART_ClearITPendingBit) for UART_ClearITPendingBit
    main.o(i.UART2_IRQHandler) refers to main.o(.data) for uart2_IT_RX_flag
    main.o(i.UART2init) refers to mdr32f9qx_rst_clk.o(i.RST_CLK_HSEconfig) for RST_CLK_HSEconfig
    main.o(i.UART2init) refers to mdr32f9qx_rst_clk.o(i.RST_CLK_HSEstatus) for RST_CLK_HSEstatus
    main.o(i.UART2init) refers to mdr32f9qx_rst_clk.o(i.RST_CLK_CPU_PLLconfig) for RST_CLK_CPU_PLLconfig
    main.o(i.UART2init) refers to mdr32f9qx_rst_clk.o(i.RST_CLK_CPU_PLLcmd) for RST_CLK_CPU_PLLcmd
    main.o(i.UART2init) refers to mdr32f9qx_rst_clk.o(i.RST_CLK_CPUclkPrescaler) for RST_CLK_CPUclkPrescaler
    main.o(i.UART2init) refers to mdr32f9qx_rst_clk.o(i.RST_CLK_CPU_PLLuse) for RST_CLK_CPU_PLLuse
    main.o(i.UART2init) refers to mdr32f9qx_rst_clk.o(i.RST_CLK_CPUclkSelection) for RST_CLK_CPUclkSelection
    main.o(i.UART2init) refers to mdr32f9qx_rst_clk.o(i.RST_CLK_PCLKcmd) for RST_CLK_PCLKcmd
    main.o(i.UART2init) refers to mdr32f9qx_port.o(i.PORT_Init) for PORT_Init
    main.o(i.UART2init) refers to mdr32f9qx_uart.o(i.UART_BRGInit) for UART_BRGInit
    main.o(i.UART2init) refers to mdr32f9qx_uart.o(i.UART_Init) for UART_Init
    main.o(i.UART2init) refers to mdr32f9qx_uart.o(i.UART_ITConfig) for UART_ITConfig
    main.o(i.UART2init) refers to mdr32f9qx_uart.o(i.UART_Cmd) for UART_Cmd
    main.o(i.UART2init) refers to main.o(.bss) for PortInit
    main.o(i.U_LCD_Task_Function) refers to rt_memcpy_w.o(.text) for __aeabi_memcpy4
    main.o(i.U_LCD_Task_Function) refers to ff.o(i.f_open) for f_open
    main.o(i.U_LCD_Task_Function) refers to ff.o(i.f_read) for f_read
    main.o(i.U_LCD_Task_Function) refers to mlt_lcd.o(i.U_MLT_Put_String) for U_MLT_Put_String
    main.o(i.U_LCD_Task_Function) refers to mlt_lcd.o(i.U_MLT_Scroll_String) for U_MLT_Scroll_String
    main.o(i.U_LCD_Task_Function) refers to main.o(.bss) for file
    main.o(i.U_LCD_Task_Function) refers to main.o(.data) for lin
    main.o(i.main) refers to mmc.o(i.disk_initialize) for disk_initialize
    main.o(i.main) refers to rst.o(i.U_RST_Init) for U_RST_Init
    main.o(i.main) refers to ff.o(i.f_mount) for f_mount
    main.o(i.main) refers to ff.o(i.f_mkdir) for f_mkdir
    main.o(i.main) refers to ff.o(i.f_open) for f_open
    main.o(i.main) refers to main.o(i.UART2_IRQHandler) for UART2_IRQHandler
    main.o(i.main) refers to main.o(i.UART2init) for UART2init
    main.o(i.main) refers to main.o(i.Button_Init) for Button_Init
    main.o(i.main) refers to mlt_lcd.o(i.U_MLT_Init) for U_MLT_Init
    main.o(i.main) refers to joystick.o(i.GetKey) for GetKey
    main.o(i.main) refers to main.o(i.LED_Init) for LED_Init
    main.o(i.main) refers to main.o(i.U_LCD_Task_Function) for U_LCD_Task_Function
    main.o(i.main) refers to main.o(.bss) for fs
    ff.o(i.check_fs) refers to mmc.o(i.disk_read) for disk_read
    ff.o(i.chk_mounted) refers to mmc.o(i.disk_status) for disk_status
    ff.o(i.chk_mounted) refers to mmc.o(i.disk_initialize) for disk_initialize
    ff.o(i.chk_mounted) refers to ff.o(i.check_fs) for check_fs
    ff.o(i.chk_mounted) refers to mmc.o(i.disk_read) for disk_read
    ff.o(i.chk_mounted) refers to ff.o(.data) for CurrVol
[...]
    mlt_lcd.o(i.U_MLT_Set_Page) refers to mdr32f9qx_port.o(i.PORT_ResetBits) for PORT_ResetBits
    mlt_lcd.o(i.U_MLT_Set_Page) refers to mlt_lcd.o(i.U_MLT_Delay) for U_MLT_Delay
    mlt_lcd.o(i.U_MLT_Set_Page) refers to mlt_lcd.o(i.U_MLT_Set_Data_Bits) for U_MLT_Set_Data_Bits
    mlt_lcd.o(i.U_MLT_Write_Data) refers to mdr32f9qx_port.o(i.PORT_SetBits) for PORT_SetBits
    mlt_lcd.o(i.U_MLT_Write_Data) refers to mdr32f9qx_port.o(i.PORT_ResetBits) for PORT_ResetBits
    mlt_lcd.o(i.U_MLT_Write_Data) refers to mlt_lcd.o(i.U_MLT_Delay) for U_MLT_Delay
    mlt_lcd.o(i.U_MLT_Write_Data) refers to mlt_lcd.o(i.U_MLT_Set_Data_Bits) for U_MLT_Set_Data_Bits
    mlt_lcd.o(.data) refers to mlt_lcd.o(.conststring) for .conststring
    rst.o(i.U_RST_Init) refers to mdr32f9qx_rst_clk.o(i.RST_CLK_DeInit) for RST_CLK_DeInit
    rst.o(i.U_RST_Init) refers to mdr32f9qx_rst_clk.o(i.RST_CLK_HSEconfig) for RST_CLK_HSEconfig
    rst.o(i.U_RST_Init) refers to mdr32f9qx_rst_clk.o(i.RST_CLK_HSEstatus) for RST_CLK_HSEstatus
    rst.o(i.U_RST_Init) refers to mdr32f9qx_rst_clk.o(i.RST_CLK_CPU_PLLconfig) for RST_CLK_CPU_PLLconfig
    rst.o(i.U_RST_Init) refers to mdr32f9qx_rst_clk.o(i.RST_CLK_CPU_PLLcmd) for RST_CLK_CPU_PLLcmd
    rst.o(i.U_RST_Init) refers to mdr32f9qx_rst_clk.o(i.RST_CLK_CPU_PLLstatus) for RST_CLK_CPU_PLLstatus
    rst.o(i.U_RST_Init) refers to mdr32f9qx_rst_clk.o(i.RST_CLK_CPUclkPrescaler) for RST_CLK_CPUclkPrescaler
    rst.o(i.U_RST_Init) refers to mdr32f9qx_rst_clk.o(i.RST_CLK_CPU_PLLuse) for RST_CLK_CPU_PLLuse
    rst.o(i.U_RST_Init) refers to mdr32f9qx_rst_clk.o(i.RST_CLK_CPUclkSelection) for RST_CLK_CPUclkSelection
    retarget.o(i._sys_exit) refers (Special) to use_no_semi.o(.text) for __use_no_semihosting_swi
    retarget.o(i._ttywrch) refers (Special) to use_no_semi.o(.text) for __use_no_semihosting_swi
    joystick.o(i.GetKey) refers to joystick.o(.constdata) for KeyMasks
    startup_mdr32f9qx.o(STACK) refers (Special) to heapauxi.o(.text) for __use_two_region_memory
    startup_mdr32f9qx.o(HEAP) refers (Special) to heapauxi.o(.text) for __use_two_region_memory
    startup_mdr32f9qx.o(RESET) refers (Special) to heapauxi.o(.text) for __use_two_region_memory
    startup_mdr32f9qx.o(RESET) refers to startup_mdr32f9qx.o(STACK) for __initial_sp
    startup_mdr32f9qx.o(RESET) refers to startup_mdr32f9qx.o(.text) for Reset_Handler
    startup_mdr32f9qx.o(RESET) refers to main.o(i.UART2_IRQHandler) for UART2_IRQHandler
    startup_mdr32f9qx.o(.text) refers (Special) to heapauxi.o(.text) for __use_two_region_memory
    startup_mdr32f9qx.o(.text) refers to system_mdr32f9qx.o(i.SystemInit) for SystemInit
    startup_mdr32f9qx.o(.text) refers to __main.o(!!!main) for __main
    startup_mdr32f9qx.o(.text) refers to startup_mdr32f9qx.o(HEAP) for Heap_Mem
    startup_mdr32f9qx.o(.text) refers to startup_mdr32f9qx.o(STACK) for Stack_Mem
    system_mdr32f9qx.o(i.SystemCoreClockUpdate) refers to system_mdr32f9qx.o(.data) for SystemCoreClock
    system_mdr32f9qx.o(i.SystemInit) refers to system_mdr32f9qx.o(i.SystemCoreClockUpdate) for SystemCoreClockUpdate
    mdr32f9qx_rst_clk.o(i.RST_CLK_CPU_PLLstatus) refers to mdr32f9qx_rst_clk.o(i.RST_CLK_GetFlagStatus) for RST_CLK_GetFlagStatus
    mdr32f9qx_rst_clk.o(i.RST_CLK_DeInit) refers to mdr32f9qx_rst_clk.o(i.RST_CLK_WarmDeInit) for RST_CLK_WarmDeInit
    mdr32f9qx_rst_clk.o(i.RST_CLK_DeInit) refers to mdr32f9qx_rst_clk.o(i.RST_CLK_PCLKcmd) for RST_CLK_PCLKcmd
    mdr32f9qx_rst_clk.o(i.RST_CLK_HSEstatus) refers to mdr32f9qx_rst_clk.o(i.RST_CLK_GetFlagStatus) for RST_CLK_GetFlagStatus
    mdr32f9qx_rst_clk.o(i.RST_CLK_HSIstatus) refers to mdr32f9qx_rst_clk.o(i.RST_CLK_GetFlagStatus) for RST_CLK_GetFlagStatus
    mdr32f9qx_rst_clk.o(i.RST_CLK_LSEstatus) refers to mdr32f9qx_rst_clk.o(i.RST_CLK_GetFlagStatus) for RST_CLK_GetFlagStatus
    mdr32f9qx_rst_clk.o(i.RST_CLK_LSIstatus) refers to mdr32f9qx_rst_clk.o(i.RST_CLK_GetFlagStatus) for RST_CLK_GetFlagStatus
    mdr32f9qx_rst_clk.o(i.RST_CLK_USB_PLLstatus) refers to mdr32f9qx_rst_clk.o(i.RST_CLK_GetFlagStatus) for RST_CLK_GetFlagStatus
    mdr32f9qx_rst_clk.o(i.RST_CLK_WarmDeInit) refers to mdr32f9qx_rst_clk.o(i.RST_CLK_HSIcmd) for RST_CLK_HSIcmd
    mdr32f9qx_rst_clk.o(i.RST_CLK_WarmDeInit) refers to mdr32f9qx_rst_clk.o(i.RST_CLK_HSIstatus) for RST_CLK_HSIstatus
    mdr32f9qx_rst_clk.o(i.RST_CLK_WarmDeInit) refers to mdr32f9qx_rst_clk.o(i.RST_CLK_CPUclkSelection) for RST_CLK_CPUclkSelection
    mdr32f9qx_uart.o(i.UART_Init) refers to mdr32f9qx_rst_clk.o(i.RST_CLK_GetClocksFreq) for RST_CLK_GetClocksFreq
    mdr32f9qx_uart.o(i.UART_IrDAConfig) refers to mdr32f9qx_rst_clk.o(i.RST_CLK_GetClocksFreq) for RST_CLK_GetClocksFreq
    __main.o(!!!main) refers to __rtentry.o(.ARM.Collect$$rtentry$$00000000) for __rt_entry
    __rtentry.o(.ARM.Collect$$rtentry$$00000000) refers (Special) to __rtentry2.o(.ARM.Collect$$rtentry$$0000000A) for __rt_entry_li
    __rtentry.o(.ARM.Collect$$rtentry$$00000000) refers (Special) to __rtentry2.o(.ARM.Collect$$rtentry$$0000000D) for __rt_entry_main
    __rtentry.o(.ARM.Collect$$rtentry$$00000000) refers (Special) to __rtentry2.o(.ARM.Collect$$rtentry$$0000000C) for __rt_entry_postli_1
    __rtentry.o(.ARM.Collect$$rtentry$$00000000) refers (Special) to __rtentry2.o(.ARM.Collect$$rtentry$$00000009) for __rt_entry_postsh_1
    __rtentry.o(.ARM.Collect$$rtentry$$00000000) refers (Special) to __rtentry2.o(.ARM.Collect$$rtentry$$00000002) for __rt_entry_presh_1
    __rtentry.o(.ARM.Collect$$rtentry$$00000000) refers (Special) to __rtentry4.o(.ARM.Collect$$rtentry$$00000004) for __rt_entry_sh
    __rtentry2.o(.ARM.Collect$$rtentry$$00000008) refers to boardinit2.o(.text) for _platform_post_stackheap_init
    __rtentry2.o(.ARM.Collect$$rtentry$$0000000A) refers to libinit.o(.ARM.Collect$$libinit$$00000000) for __rt_lib_init
    __rtentry2.o(.ARM.Collect$$rtentry$$0000000B) refers to boardinit3.o(.text) for _platform_post_lib_init
    __rtentry2.o(.ARM.Collect$$rtentry$$0000000D) refers to main.o(i.main) for main
    __rtentry2.o(.ARM.Collect$$rtentry$$0000000D) refers to exit.o(.text) for exit
    __rtentry2.o(.ARM.exidx) refers to __rtentry2.o(.ARM.Collect$$rtentry$$00000001) for .ARM.Collect$$rtentry$$00000001
    __rtentry2.o(.ARM.exidx) refers to __rtentry2.o(.ARM.Collect$$rtentry$$00000008) for .ARM.Collect$$rtentry$$00000008
    __rtentry2.o(.ARM.exidx) refers to __rtentry2.o(.ARM.Collect$$rtentry$$0000000A) for .ARM.Collect$$rtentry$$0000000A
    __rtentry2.o(.ARM.exidx) refers to __rtentry2.o(.ARM.Collect$$rtentry$$0000000B) for .ARM.Collect$$rtentry$$0000000B
    __rtentry2.o(.ARM.exidx) refers to __rtentry2.o(.ARM.Collect$$rtentry$$0000000D) for .ARM.Collect$$rtentry$$0000000D
    __rtentry4.o(.ARM.Collect$$rtentry$$00000004) refers to sys_stackheap_outer.o(.text) for __user_setup_stackheap
    __rtentry4.o(.ARM.exidx) refers to __rtentry4.o(.ARM.Collect$$rtentry$$00000004) for .ARM.Collect$$rtentry$$00000004
    sys_stackheap_outer.o(.text) refers to libspace.o(.text) for __user_perproc_libspace
    sys_stackheap_outer.o(.text) refers to startup_mdr32f9qx.o(.text) for __user_initial_stackheap
    exit.o(.text) refers to rtexit.o(.ARM.Collect$$rtexit$$00000000) for __rt_exit
    libinit.o(.ARM.Collect$$libinit$$00000000) refers (Special) to libinit2.o(.ARM.Collect$$libinit$$0000002E) for __rt_lib_init_alloca_1
    libinit.o(.ARM.Collect$$libinit$$00000000) refers (Special) to libinit2.o(.ARM.Collect$$libinit$$0000002C) for __rt_lib_init_argv_1
    libinit.o(.ARM.Collect$$libinit$$00000000) refers (Special) to libinit2.o(.ARM.Collect$$libinit$$0000001B) for __rt_lib_init_atexit_1
    libinit.o(.ARM.Collect$$libinit$$00000000) refers (Special) to libinit2.o(.ARM.Collect$$libinit$$00000021) for __rt_lib_init_clock_1
    libinit.o(.ARM.Collect$$libinit$$00000000) refers (Special) to libinit2.o(.ARM.Collect$$libinit$$00000032) for __rt_lib_init_cpp_1
    libinit.o(.ARM.Collect$$libinit$$00000000) refers (Special) to libinit2.o(.ARM.Collect$$libinit$$00000030) for __rt_lib_init_exceptions_1
    libinit.o(.ARM.Collect$$libinit$$00000000) refers (Special) to libinit2.o(.ARM.Collect$$libinit$$00000002) for __rt_lib_init_fp_1
    libinit.o(.ARM.Collect$$libinit$$00000000) refers (Special) to libinit2.o(.ARM.Collect$$libinit$$0000001F) for __rt_lib_init_fp_trap_1
    libinit.o(.ARM.Collect$$libinit$$00000000) refers (Special) to libinit2.o(.ARM.Collect$$libinit$$00000023) for __rt_lib_init_getenv_1
    libinit.o(.ARM.Collect$$libinit$$00000000) refers (Special) to libinit2.o(.ARM.Collect$$libinit$$0000000A) for __rt_lib_init_heap_1
    libinit.o(.ARM.Collect$$libinit$$00000000) refers (Special) to libinit2.o(.ARM.Collect$$libinit$$00000011) for __rt_lib_init_lc_collate_1
    libinit.o(.ARM.Collect$$libinit$$00000000) refers (Special) to libinit2.o(.ARM.Collect$$libinit$$00000013) for __rt_lib_init_lc_ctype_1
    libinit.o(.ARM.Collect$$libinit$$00000000) refers (Special) to libinit2.o(.ARM.Collect$$libinit$$00000015) for __rt_lib_init_lc_monetary_1
    libinit.o(.ARM.Collect$$libinit$$00000000) refers (Special) to libinit2.o(.ARM.Collect$$libinit$$00000017) for __rt_lib_init_lc_numeric_1
    libinit.o(.ARM.Collect$$libinit$$00000000) refers (Special) to libinit2.o(.ARM.Collect$$libinit$$00000019) for __rt_lib_init_lc_time_1
    libinit.o(.ARM.Collect$$libinit$$00000000) refers (Special) to libinit2.o(.ARM.Collect$$libinit$$00000004) for __rt_lib_init_preinit_1
    libinit.o(.ARM.Collect$$libinit$$00000000) refers (Special) to libinit2.o(.ARM.Collect$$libinit$$0000000E) for __rt_lib_init_rand_1
    libinit.o(.ARM.Collect$$libinit$$00000000) refers (Special) to libinit2.o(.ARM.Collect$$libinit$$00000033) for __rt_lib_init_return
    libinit.o(.ARM.Collect$$libinit$$00000000) refers (Special) to libinit2.o(.ARM.Collect$$libinit$$0000001D) for __rt_lib_init_signal_1
    libinit.o(.ARM.Collect$$libinit$$00000000) refers (Special) to libinit2.o(.ARM.Collect$$libinit$$00000025) for __rt_lib_init_stdio_1
    libinit.o(.ARM.Collect$$libinit$$00000000) refers (Special) to libinit2.o(.ARM.Collect$$libinit$$0000000C) for __rt_lib_init_user_alloc_1
    libspace.o(.text) refers to libspace.o(.bss) for __libspace_start
    rtexit.o(.ARM.Collect$$rtexit$$00000000) refers (Special) to rtexit2.o(.ARM.Collect$$rtexit$$00000004) for __rt_exit_exit
    rtexit.o(.ARM.Collect$$rtexit$$00000000) refers (Special) to rtexit2.o(.ARM.Collect$$rtexit$$00000003) for __rt_exit_ls
    rtexit.o(.ARM.Collect$$rtexit$$00000000) refers (Special) to rtexit2.o(.ARM.Collect$$rtexit$$00000002) for __rt_exit_prels_1
    rtexit.o(.ARM.exidx) refers (Special) to rtexit2.o(.ARM.Collect$$rtexit$$00000004) for __rt_exit_exit
    rtexit.o(.ARM.exidx) refers (Special) to rtexit2.o(.ARM.Collect$$rtexit$$00000003) for __rt_exit_ls
    rtexit.o(.ARM.exidx) refers (Special) to rtexit2.o(.ARM.Collect$$rtexit$$00000002) for __rt_exit_prels_1
    rtexit.o(.ARM.exidx) refers to rtexit.o(.ARM.Collect$$rtexit$$00000000) for .ARM.Collect$$rtexit$$00000000
    libinit2.o(.ARM.Collect$$libinit$$00000010) refers to libinit2.o(.ARM.Collect$$libinit$$0000000F) for .ARM.Collect$$libinit$$0000000F
    libinit2.o(.ARM.Collect$$libinit$$00000012) refers to libinit2.o(.ARM.Collect$$libinit$$0000000F) for .ARM.Collect$$libinit$$0000000F
    libinit2.o(.ARM.Collect$$libinit$$00000014) refers to libinit2.o(.ARM.Collect$$libinit$$0000000F) for .ARM.Collect$$libinit$$0000000F
    libinit2.o(.ARM.Collect$$libinit$$00000016) refers to libinit2.o(.ARM.Collect$$libinit$$0000000F) for .ARM.Collect$$libinit$$0000000F
    libinit2.o(.ARM.Collect$$libinit$$00000018) refers to libinit2.o(.ARM.Collect$$libinit$$0000000F) for .ARM.Collect$$libinit$$0000000F
    libinit2.o(.ARM.Collect$$libinit$$00000026) refers to argv_veneer.o(.emb_text) for __ARM_argv_veneer
    libinit2.o(.ARM.Collect$$libinit$$00000027) refers to argv_veneer.o(.emb_text) for __ARM_argv_veneer
    rtexit2.o(.ARM.Collect$$rtexit$$00000003) refers to libshutdown.o(.ARM.Collect$$libshutdown$$00000000) for __rt_lib_shutdown
    rtexit2.o(.ARM.Collect$$rtexit$$00000004) refers to retarget.o(i._sys_exit) for _sys_exit
    rtexit2.o(.ARM.exidx) refers to rtexit2.o(.ARM.Collect$$rtexit$$00000001) for .ARM.Collect$$rtexit$$00000001
    rtexit2.o(.ARM.exidx) refers to rtexit2.o(.ARM.Collect$$rtexit$$00000003) for .ARM.Collect$$rtexit$$00000003
    rtexit2.o(.ARM.exidx) refers to rtexit2.o(.ARM.Collect$$rtexit$$00000004) for .ARM.Collect$$rtexit$$00000004
    argv_veneer.o(.emb_text) refers to no_argv.o(.text) for __ARM_get_argv
    _get_argv_nomalloc.o(.text) refers (Special) to hrguard.o(.text) for __heap_region$guard
    _get_argv_nomalloc.o(.text) refers to defsig_rtmem_outer.o(.text) for __rt_SIGRTMEM
    _get_argv_nomalloc.o(.text) refers to sys_command.o(.text) for _sys_command_string
    libshutdown.o(.ARM.Collect$$libshutdown$$00000000) refers (Special) to libshutdown2.o(.ARM.Collect$$libshutdown$$00000002) for __rt_lib_shutdown_cpp_1
    libshutdown.o(.ARM.Collect$$libshutdown$$00000000) refers (Special) to libshutdown2.o(.ARM.Collect$$libshutdown$$00000007) for __rt_lib_shutdown_fp_trap_1
    libshutdown.o(.ARM.Collect$$libshutdown$$00000000) refers (Special) to libshutdown2.o(.ARM.Collect$$libshutdown$$0000000F) for __rt_lib_shutdown_heap_1
    libshutdown.o(.ARM.Collect$$libshutdown$$00000000) refers (Special) to libshutdown2.o(.ARM.Collect$$libshutdown$$00000010) for __rt_lib_shutdown_return
    libshutdown.o(.ARM.Collect$$libshutdown$$00000000) refers (Special) to libshutdown2.o(.ARM.Collect$$libshutdown$$0000000A) for __rt_lib_shutdown_signal_1
    libshutdown.o(.ARM.Collect$$libshutdown$$00000000) refers (Special) to libshutdown2.o(.ARM.Collect$$libshutdown$$00000004) for __rt_lib_shutdown_stdio_1
    libshutdown.o(.ARM.Collect$$libshutdown$$00000000) refers (Special) to libshutdown2.o(.ARM.Collect$$libshutdown$$0000000C) for __rt_lib_shutdown_user_alloc_1
    sys_command.o(.text) refers (Special) to use_no_semi.o(.text) for __I$use$semihosting
    sys_command.o(.text) refers (Special) to indicate_semi.o(.text) for __semihosting_library_function
    defsig_rtmem_outer.o(.text) refers to defsig_rtmem_inner.o(.text) for __rt_SIGRTMEM_inner
    defsig_rtmem_outer.o(.text) refers to defsig_exit.o(.text) for __sig_exit
    defsig_rtmem_formal.o(.text) refers to rt_raise.o(.text) for __rt_raise
    rt_raise.o(.text) refers to __raise.o(.text) for __raise
    rt_raise.o(.text) refers to retarget.o(i._sys_exit) for _sys_exit
    defsig_exit.o(.text) refers to retarget.o(i._sys_exit) for _sys_exit
    defsig_rtmem_inner.o(.text) refers to defsig_general.o(.text) for __default_signal_display
    __raise.o(.text) refers to defsig.o(CL$$defsig) for __default_signal_handler
    defsig_general.o(.text) refers to retarget.o(i._ttywrch) for _ttywrch
    defsig.o(CL$$defsig) refers to defsig_rtmem_inner.o(.text) for __rt_SIGRTMEM_inner
    defsig_abrt_inner.o(.text) refers to defsig_general.o(.text) for __default_signal_display
    defsig_fpe_inner.o(.text) refers to defsig_general.o(.text) for __default_signal_display
    defsig_rtred_inner.o(.text) refers to defsig_general.o(.text) for __default_signal_display
    defsig_stak_inner.o(.text) refers to defsig_general.o(.text) for __default_signal_display
    defsig_pvfn_inner.o(.text) refers to defsig_general.o(.text) for __default_signal_display
    defsig_cppl_inner.o(.text) refers to defsig_general.o(.text) for __default_signal_display
    defsig_segv_inner.o(.text) refers to defsig_general.o(.text) for __default_signal_display
    defsig_other.o(.text) refers to defsig_general.o(.text) for __default_signal_display


==============================================================================

Removing Unused input sections from the image.

    Removing main.o(.rev16_text), (4 bytes).
    Removing main.o(.revsh_text), (4 bytes).
    Removing main.o(i.UART2SD), (212 bytes).
    Removing main.o(.constdata), (1792 bytes).
    Removing ff.o(i.dir_read), (84 bytes).
    Removing ff.o(i.dir_remove), (44 bytes).
    Removing ff.o(i.f_chdir), (100 bytes).
    Removing ff.o(i.f_chdrive), (24 bytes).
    Removing ff.o(i.f_chmod), (96 bytes).
    Removing ff.o(i.f_close), (22 bytes).
    Removing ff.o(i.f_getcwd), (332 bytes).
    Removing ff.o(i.f_getfree), (276 bytes).
    Removing ff.o(i.f_gets), (80 bytes).
    Removing ff.o(i.f_lseek), (432 bytes).
    Removing ff.o(i.f_mkfs), (1588 bytes).
    Removing ff.o(i.f_opendir), (110 bytes).
    Removing ff.o(i.f_printf), (700 bytes).
    Removing ff.o(i.f_putc), (40 bytes).
    Removing ff.o(i.f_puts), (44 bytes).
    Removing ff.o(i.f_readdir), (88 bytes).
    Removing ff.o(i.f_rename), (302 bytes).
    Removing ff.o(i.f_stat), (58 bytes).
    Removing ff.o(i.f_sync), (184 bytes).
    Removing ff.o(i.f_truncate), (156 bytes).
    Removing ff.o(i.f_unlink), (198 bytes).
    Removing ff.o(i.f_utime), (98 bytes).
    Removing ff.o(i.f_write), (526 bytes).
    Removing ff.o(i.get_fileinfo), (158 bytes).
    Removing ff.o(.constdata), (44 bytes).
    Removing mmc.o(.rev16_text), (4 bytes).
    Removing mmc.o(.revsh_text), (4 bytes).
    Removing mmc.o(i.disk_timerproc), (64 bytes).
    Removing rtc.o(.rev16_text), (4 bytes).
    Removing rtc.o(.revsh_text), (4 bytes).
    Removing rtc.o(i.rtc_initialize), (4 bytes).
    Removing rtc.o(i.rtc_settime), (6 bytes).
    Removing mdr32f9qx_bkp.o(.rev16_text), (4 bytes).
    Removing mdr32f9qx_bkp.o(.revsh_text), (4 bytes).
    Removing mdr32f9qx_bkp.o(i.BKP_DeInit), (76 bytes).
    Removing mdr32f9qx_bkp.o(i.BKP_JTAGA_CMD), (12 bytes).
    Removing mdr32f9qx_bkp.o(i.BKP_JTAGB_CMD), (12 bytes).
    Removing mdr32f9qx_bkp.o(i.BKP_RTC_Calibration), (28 bytes).
    Removing mdr32f9qx_bkp.o(i.BKP_RTC_Enable), (12 bytes).
    Removing mdr32f9qx_bkp.o(i.BKP_RTC_GetDivider), (12 bytes).
    Removing mdr32f9qx_bkp.o(i.BKP_RTC_GetFlagStatus), (24 bytes).
    Removing mdr32f9qx_bkp.o(i.BKP_RTC_ITConfig), (32 bytes).
    Removing mdr32f9qx_bkp.o(i.BKP_RTC_Reset), (12 bytes).
    Removing mdr32f9qx_bkp.o(i.BKP_RTC_SetAlarm), (12 bytes).
    Removing mdr32f9qx_bkp.o(i.BKP_RTC_SetCounter), (12 bytes).
    Removing mdr32f9qx_bkp.o(i.BKP_RTC_SetPrescaler), (12 bytes).
    Removing mdr32f9qx_bkp.o(i.BKP_RTC_WaitForUpdate), (16 bytes).
    Removing mdr32f9qx_bkp.o(i.BKP_RTCclkSource), (24 bytes).
    Removing mlt_lcd.o(.rev16_text), (4 bytes).
    Removing mlt_lcd.o(.revsh_text), (4 bytes).
    Removing mlt_lcd.o(i.U_MLT_Disp_Off), (168 bytes).
    Removing mlt_lcd.o(i.U_MLT_Read_Data), (172 bytes).
    Removing rst.o(.rev16_text), (4 bytes).
    Removing rst.o(.revsh_text), (4 bytes).
    Removing retarget.o(i._ttywrch), (2 bytes).
    Removing joystick.o(.rev16_text), (4 bytes).
    Removing joystick.o(.revsh_text), (4 bytes).
    Removing system_mdr32f9qx.o(.rev16_text), (4 bytes).
    Removing system_mdr32f9qx.o(.revsh_text), (4 bytes).
    Removing mdr32f9qx_port.o(.rev16_text), (4 bytes).
    Removing mdr32f9qx_port.o(.revsh_text), (4 bytes).
    Removing mdr32f9qx_port.o(i.PORT_DeInit), (20 bytes).
    Removing mdr32f9qx_port.o(i.PORT_ReadInputData), (6 bytes).
    Removing mdr32f9qx_port.o(i.PORT_ReadInputDataBit), (16 bytes).
    Removing mdr32f9qx_port.o(i.PORT_Write), (24 bytes).
    Removing mdr32f9qx_port.o(i.PORT_WriteBit), (44 bytes).
    Removing mdr32f9qx_rst_clk.o(.rev16_text), (4 bytes).
    Removing mdr32f9qx_rst_clk.o(.revsh_text), (4 bytes).
    Removing mdr32f9qx_rst_clk.o(i.RST_CLK_ADCclkEnable), (12 bytes).
    Removing mdr32f9qx_rst_clk.o(i.RST_CLK_ADCclkPrescaler), (24 bytes).
    Removing mdr32f9qx_rst_clk.o(i.RST_CLK_ADCclkSelection), (20 bytes).
    Removing mdr32f9qx_rst_clk.o(i.RST_CLK_HSEclkPrescaler), (20 bytes).
    Removing mdr32f9qx_rst_clk.o(i.RST_CLK_HSIadjust), (24 bytes).
    Removing mdr32f9qx_rst_clk.o(i.RST_CLK_HSIclkPrescaler), (24 bytes).
    Removing mdr32f9qx_rst_clk.o(i.RST_CLK_LSEconfig), (60 bytes).
    Removing mdr32f9qx_rst_clk.o(i.RST_CLK_LSEstatus), (52 bytes).
    Removing mdr32f9qx_rst_clk.o(i.RST_CLK_LSIadjust), (24 bytes).
    Removing mdr32f9qx_rst_clk.o(i.RST_CLK_LSIcmd), (12 bytes).
    Removing mdr32f9qx_rst_clk.o(i.RST_CLK_LSIstatus), (52 bytes).
    Removing mdr32f9qx_rst_clk.o(i.RST_CLK_RTC_HSEclkEnable), (12 bytes).
    Removing mdr32f9qx_rst_clk.o(i.RST_CLK_RTC_HSIclkEnable), (12 bytes).
    Removing mdr32f9qx_rst_clk.o(i.RST_CLK_USB_PLLcmd), (12 bytes).
    Removing mdr32f9qx_rst_clk.o(i.RST_CLK_USB_PLLconfig), (64 bytes).
    Removing mdr32f9qx_rst_clk.o(i.RST_CLK_USB_PLLstatus), (52 bytes).
    Removing mdr32f9qx_rst_clk.o(i.RST_CLK_USB_PLLuse), (12 bytes).
    Removing mdr32f9qx_rst_clk.o(i.RST_CLK_USBclkEnable), (12 bytes).
    Removing mdr32f9qx_rst_clk.o(i.RST_CLK_USBclkPrescaler), (12 bytes).
    Removing mdr32f9qx_uart.o(.rev16_text), (4 bytes).
    Removing mdr32f9qx_uart.o(.revsh_text), (4 bytes).
    Removing mdr32f9qx_uart.o(i.UART_BreakLine), (24 bytes).
    Removing mdr32f9qx_uart.o(i.UART_DMACmd), (24 bytes).
    Removing mdr32f9qx_uart.o(i.UART_DMAConfig), (8 bytes).
    Removing mdr32f9qx_uart.o(i.UART_DeInit), (38 bytes).
    Removing mdr32f9qx_uart.o(i.UART_GetFlagStatus), (16 bytes).
    Removing mdr32f9qx_uart.o(i.UART_GetITStatus), (18 bytes).
    Removing mdr32f9qx_uart.o(i.UART_IrDACmd), (24 bytes).
    Removing mdr32f9qx_uart.o(i.UART_IrDAConfig), (40 bytes).
    Removing mdr32f9qx_uart.o(i.UART_ReceiveData), (8 bytes).
    Removing mdr32f9qx_uart.o(i.UART_SendData), (6 bytes).
    Removing mdr32f9qx_uart.o(i.UART_StructInit), (24 bytes).

104 unused section(s) (total 9440 bytes) removed from the image.

==============================================================================

Image Symbol Table

    Local Symbols

    Symbol Name                              Value     Ov Type        Size  Object(Section)

    ../clib/angel/boardlib.s                 0x00000000   Number         0  boardinit2.o ABSOLUTE
    ../clib/angel/boardlib.s                 0x00000000   Number         0  boardinit1.o ABSOLUTE
    ../clib/angel/boardlib.s                 0x00000000   Number         0  boardshut.o ABSOLUTE
    ../clib/angel/boardlib.s                 0x00000000   Number         0  boardinit3.o ABSOLUTE
    ../clib/angel/handlers.s                 0x00000000   Number         0  __scatter_copy.o ABSOLUTE
    ../clib/angel/handlers.s                 0x00000000   Number         0  __scatter_zi.o ABSOLUTE
    ../clib/angel/kernel.s                   0x00000000   Number         0  __rtentry4.o ABSOLUTE
    ../clib/angel/kernel.s                   0x00000000   Number         0  __rtentry2.o ABSOLUTE
    ../clib/angel/kernel.s                   0x00000000   Number         0  rtexit2.o ABSOLUTE
    ../clib/angel/kernel.s                   0x00000000   Number         0  __rtentry.o ABSOLUTE
    ../clib/angel/kernel.s                   0x00000000   Number         0  rtexit.o ABSOLUTE
    ../clib/angel/rt.s                       0x00000000   Number         0  rt_raise.o ABSOLUTE
    ../clib/angel/scatter.s                  0x00000000   Number         0  __scatter.o ABSOLUTE
    ../clib/angel/startup.s                  0x00000000   Number         0  __main.o ABSOLUTE
    ../clib/angel/sys.s                      0x00000000   Number         0  sys_stackheap_outer.o ABSOLUTE
    ../clib/angel/sys.s                      0x00000000   Number         0  indicate_semi.o ABSOLUTE
    ../clib/angel/sys.s                      0x00000000   Number         0  use_no_semi.o ABSOLUTE
    ../clib/angel/sys.s                      0x00000000   Number         0  libspace.o ABSOLUTE
    ../clib/angel/sysapp.c                   0x00000000   Number         0  sys_command.o ABSOLUTE
    ../clib/armsys.c                         0x00000000   Number         0  _get_argv_nomalloc.o ABSOLUTE
    ../clib/armsys.c                         0x00000000   Number         0  argv_veneer.o ABSOLUTE
    ../clib/armsys.c                         0x00000000   Number         0  argv_veneer.o ABSOLUTE
    ../clib/armsys.c                         0x00000000   Number         0  no_argv.o ABSOLUTE
    ../clib/heapalloc.c                      0x00000000   Number         0  hrguard.o ABSOLUTE
    ../clib/heapaux.c                        0x00000000   Number         0  heapauxi.o ABSOLUTE
    ../clib/libinit.s                        0x00000000   Number         0  libshutdown2.o ABSOLUTE
    ../clib/libinit.s                        0x00000000   Number         0  libshutdown.o ABSOLUTE
    ../clib/libinit.s                        0x00000000   Number         0  libinit2.o ABSOLUTE
    ../clib/libinit.s                        0x00000000   Number         0  libinit.o ABSOLUTE
    ../clib/memcpset.s                       0x00000000   Number         0  rt_memcpy_w.o ABSOLUTE
    ../clib/signal.c                         0x00000000   Number         0  defsig_general.o ABSOLUTE
    ../clib/signal.c                         0x00000000   Number         0  defsig_rtmem_inner.o ABSOLUTE
    ../clib/signal.c                         0x00000000   Number         0  __raise.o ABSOLUTE
    ../clib/signal.c                         0x00000000   Number         0  defsig_other.o ABSOLUTE
    ../clib/signal.c                         0x00000000   Number         0  defsig_segv_inner.o ABSOLUTE
    ../clib/signal.c                         0x00000000   Number         0  defsig_cppl_inner.o ABSOLUTE
    ../clib/signal.c                         0x00000000   Number         0  defsig_pvfn_inner.o ABSOLUTE
    ../clib/signal.c                         0x00000000   Number         0  defsig_stak_inner.o ABSOLUTE
    ../clib/signal.c                         0x00000000   Number         0  defsig_rtred_inner.o ABSOLUTE
    ../clib/signal.c                         0x00000000   Number         0  defsig_fpe_inner.o ABSOLUTE
    ../clib/signal.c                         0x00000000   Number         0  defsig_abrt_inner.o ABSOLUTE
    ../clib/signal.c                         0x00000000   Number         0  defsig_exit.o ABSOLUTE
    ../clib/signal.c                         0x00000000   Number         0  defsig_rtmem_outer.o ABSOLUTE
    ../clib/signal.c                         0x00000000   Number         0  defsig_rtmem_formal.o ABSOLUTE
    ../clib/signal.s                         0x00000000   Number         0  defsig.o ABSOLUTE
    ../clib/stdlib.c                         0x00000000   Number         0  exit.o ABSOLUTE
    ../clib/string.c                         0x00000000   Number         0  strlen.o ABSOLUTE
    ../fplib/fpinit.s                        0x00000000   Number         0  fpinit.o ABSOLUTE
    C:\Keil_v5\ARM\PACK\Keil\MDR1986BExx\1.4\Libraries\MDR32F9Qx_StdPeriph_Driver\src\MDR32F9Qx_port.c 0x00000000   Number         0  mdr32f9qx_port.o ABSOLUTE
    C:\Keil_v5\ARM\PACK\Keil\MDR1986BExx\1.4\Libraries\MDR32F9Qx_StdPeriph_Driver\src\MDR32F9Qx_rst_clk.c 0x00000000   Number         0  mdr32f9qx_rst_clk.o ABSOLUTE
    C:\Keil_v5\ARM\PACK\Keil\MDR1986BExx\1.4\Libraries\MDR32F9Qx_StdPeriph_Driver\src\MDR32F9Qx_uart.c 0x00000000   Number         0  mdr32f9qx_uart.o ABSOLUTE
    C:\Keil_v5\ARM\Pack\Keil\MDR1986BExx\1.4\Libraries\MDR32F9Qx_StdPeriph_Driver\src\MDR32F9Qx_bkp.c 0x00000000   Number         0  mdr32f9qx_bkp.o ABSOLUTE
    C:\\Keil_v5\\ARM\\PACK\\Keil\\MDR1986BExx\\1.4\\Libraries\\MDR32F9Qx_StdPeriph_Driver\\src\\MDR32F9Qx_port.c 0x00000000   Number         0  mdr32f9qx_port.o ABSOLUTE
    C:\\Keil_v5\\ARM\\PACK\\Keil\\MDR1986BExx\\1.4\\Libraries\\MDR32F9Qx_StdPeriph_Driver\\src\\MDR32F9Qx_rst_clk.c 0x00000000   Number         0  mdr32f9qx_rst_clk.o ABSOLUTE
    C:\\Keil_v5\\ARM\\PACK\\Keil\\MDR1986BExx\\1.4\\Libraries\\MDR32F9Qx_StdPeriph_Driver\\src\\MDR32F9Qx_uart.c 0x00000000   Number         0  mdr32f9qx_uart.o ABSOLUTE
    C:\\Keil_v5\\ARM\\Pack\\Keil\\MDR1986BExx\\1.4\\Libraries\\MDR32F9Qx_StdPeriph_Driver\\src\\MDR32F9Qx_bkp.c 0x00000000   Number         0  mdr32f9qx_bkp.o ABSOLUTE
    RTE\Device\MDR1986BE91\startup_MDR32F9Qx.s 0x00000000   Number         0  startup_mdr32f9qx.o ABSOLUTE
    RTE\Device\MDR1986BE91\system_MDR32F9Qx.c 0x00000000   Number         0  system_mdr32f9qx.o ABSOLUTE
    RTE\\Device\\MDR1986BE91\\system_MDR32F9Qx.c 0x00000000   Number         0  system_mdr32f9qx.o ABSOLUTE
    Retarget.c                               0x00000000   Number         0  retarget.o ABSOLUTE
    dc.s                                     0x00000000   Number         0  dc.o ABSOLUTE
    ff.c                                     0x00000000   Number         0  ff.o ABSOLUTE
    joystick.c                               0x00000000   Number         0  joystick.o ABSOLUTE
    joystick.c                               0x00000000   Number         0  joystick.o ABSOLUTE
    main.c                                   0x00000000   Number         0  main.o ABSOLUTE
    main.c                                   0x00000000   Number         0  main.o ABSOLUTE
    mlt_lcd.c                                0x00000000   Number         0  mlt_lcd.o ABSOLUTE
    mlt_lcd.c                                0x00000000   Number         0  mlt_lcd.o ABSOLUTE
    mmc.c                                    0x00000000   Number         0  mmc.o ABSOLUTE
    mmc.c                                    0x00000000   Number         0  mmc.o ABSOLUTE
    rst.c                                    0x00000000   Number         0  rst.o ABSOLUTE
    rst.c                                    0x00000000   Number         0  rst.o ABSOLUTE
    rtc.c                                    0x00000000   Number         0  rtc.o ABSOLUTE
    rtc.c                                    0x00000000   Number         0  rtc.o ABSOLUTE
    RESET                                    0x08000000   Section      192  startup_mdr32f9qx.o(RESET)
    !!!main                                  0x080000c0   Section        8  __main.o(!!!main)
    !!!scatter                               0x080000c8   Section       52  __scatter.o(!!!scatter)
    !!handler_copy                           0x080000fc   Section       26  __scatter_copy.o(!!handler_copy)
    !!handler_zi                             0x08000118   Section       28  __scatter_zi.o(!!handler_zi)
    .ARM.Collect$$libinit$$00000000          0x08000134   Section        2  libinit.o(.ARM.Collect$$libinit$$00000000)
    .ARM.Collect$$libinit$$00000002          0x08000136   Section        0  libinit2.o(.ARM.Collect$$libinit$$00000002)
    .ARM.Collect$$libinit$$00000004          0x08000136   Section        0  libinit2.o(.ARM.Collect$$libinit$$00000004)
    .ARM.Collect$$libinit$$0000000A          0x08000136   Section        0  libinit2.o(.ARM.Collect$$libinit$$0000000A)
    .ARM.Collect$$libinit$$0000000C          0x08000136   Section        0  libinit2.o(.ARM.Collect$$libinit$$0000000C)
    .ARM.Collect$$libinit$$0000000E          0x08000136   Section        0  libinit2.o(.ARM.Collect$$libinit$$0000000E)
    .ARM.Collect$$libinit$$00000011          0x08000136   Section        0  libinit2.o(.ARM.Collect$$libinit$$00000011)
    .ARM.Collect$$libinit$$00000013          0x08000136   Section        0  libinit2.o(.ARM.Collect$$libinit$$00000013)
    .ARM.Collect$$libinit$$00000015          0x08000136   Section        0  libinit2.o(.ARM.Collect$$libinit$$00000015)
    .ARM.Collect$$libinit$$00000017          0x08000136   Section        0  libinit2.o(.ARM.Collect$$libinit$$00000017)
    .ARM.Collect$$libinit$$00000019          0x08000136   Section        0  libinit2.o(.ARM.Collect$$libinit$$00000019)
    .ARM.Collect$$libinit$$0000001B          0x08000136   Section        0  libinit2.o(.ARM.Collect$$libinit$$0000001B)
    .ARM.Collect$$libinit$$0000001D          0x08000136   Section        0  libinit2.o(.ARM.Collect$$libinit$$0000001D)
    .ARM.Collect$$libinit$$0000001F          0x08000136   Section        0  libinit2.o(.ARM.Collect$$libinit$$0000001F)
    .ARM.Collect$$libinit$$00000021          0x08000136   Section        0  libinit2.o(.ARM.Collect$$libinit$$00000021)
    .ARM.Collect$$libinit$$00000023          0x08000136   Section        0  libinit2.o(.ARM.Collect$$libinit$$00000023)
    .ARM.Collect$$libinit$$00000025          0x08000136   Section        0  libinit2.o(.ARM.Collect$$libinit$$00000025)
    .ARM.Collect$$libinit$$0000002C          0x08000136   Section        0  libinit2.o(.ARM.Collect$$libinit$$0000002C)
    .ARM.Collect$$libinit$$0000002E          0x08000136   Section        0  libinit2.o(.ARM.Collect$$libinit$$0000002E)
    .ARM.Collect$$libinit$$00000030          0x08000136   Section        0  libinit2.o(.ARM.Collect$$libinit$$00000030)
    .ARM.Collect$$libinit$$00000032          0x08000136   Section        0  libinit2.o(.ARM.Collect$$libinit$$00000032)
    .ARM.Collect$$libinit$$00000033          0x08000136   Section        2  libinit2.o(.ARM.Collect$$libinit$$00000033)
    .ARM.Collect$$libshutdown$$00000000      0x08000138   Section        2  libshutdown.o(.ARM.Collect$$libshutdown$$00000000)
    .ARM.Collect$$libshutdown$$00000002      0x0800013a   Section        0  libshutdown2.o(.ARM.Collect$$libshutdown$$00000002)
    .ARM.Collect$$libshutdown$$00000004      0x0800013a   Section        0  libshutdown2.o(.ARM.Collect$$libshutdown$$00000004)
    .ARM.Collect$$libshutdown$$00000007      0x0800013a   Section        0  libshutdown2.o(.ARM.Collect$$libshutdown$$00000007)
    .ARM.Collect$$libshutdown$$0000000A      0x0800013a   Section        0  libshutdown2.o(.ARM.Collect$$libshutdown$$0000000A)
    .ARM.Collect$$libshutdown$$0000000C      0x0800013a   Section        0  libshutdown2.o(.ARM.Collect$$libshutdown$$0000000C)
    .ARM.Collect$$libshutdown$$0000000F      0x0800013a   Section        0  libshutdown2.o(.ARM.Collect$$libshutdown$$0000000F)
    .ARM.Collect$$libshutdown$$00000010      0x0800013a   Section        2  libshutdown2.o(.ARM.Collect$$libshutdown$$00000010)
    .ARM.Collect$$rtentry$$00000000          0x0800013c   Section        0  __rtentry.o(.ARM.Collect$$rtentry$$00000000)
    .ARM.Collect$$rtentry$$00000002          0x0800013c   Section        0  __rtentry2.o(.ARM.Collect$$rtentry$$00000002)
    .ARM.Collect$$rtentry$$00000004          0x0800013c   Section        6  __rtentry4.o(.ARM.Collect$$rtentry$$00000004)
    .ARM.Collect$$rtentry$$00000009          0x08000142   Section        0  __rtentry2.o(.ARM.Collect$$rtentry$$00000009)
    .ARM.Collect$$rtentry$$0000000A          0x08000142   Section        4  __rtentry2.o(.ARM.Collect$$rtentry$$0000000A)
    .ARM.Collect$$rtentry$$0000000C          0x08000146   Section        0  __rtentry2.o(.ARM.Collect$$rtentry$$0000000C)
    .ARM.Collect$$rtentry$$0000000D          0x08000146   Section        8  __rtentry2.o(.ARM.Collect$$rtentry$$0000000D)
    .ARM.Collect$$rtexit$$00000000           0x0800014e   Section        2  rtexit.o(.ARM.Collect$$rtexit$$00000000)
    .ARM.Collect$$rtexit$$00000002           0x08000150   Section        0  rtexit2.o(.ARM.Collect$$rtexit$$00000002)
    .ARM.Collect$$rtexit$$00000003           0x08000150   Section        4  rtexit2.o(.ARM.Collect$$rtexit$$00000003)
    .ARM.Collect$$rtexit$$00000004           0x08000154   Section        6  rtexit2.o(.ARM.Collect$$rtexit$$00000004)
    .text                                    0x0800015c   Section       64  startup_mdr32f9qx.o(.text)
    .text                                    0x0800019c   Section        2  use_no_semi.o(.text)
    .text                                    0x0800019e   Section        0  strlen.o(.text)
    .text                                    0x080001dc   Section      100  rt_memcpy_w.o(.text)
    .text                                    0x08000240   Section        0  heapauxi.o(.text)
    .text                                    0x08000246   Section       74  sys_stackheap_outer.o(.text)
    .text                                    0x08000290   Section        0  exit.o(.text)
    .text                                    0x080002a4   Section        8  libspace.o(.text)
    i.BKP_RTC_GetCounter                     0x080002ac   Section        0  mdr32f9qx_bkp.o(i.BKP_RTC_GetCounter)
    i.Button_Init                            0x080002b8   Section        0  main.o(i.Button_Init)
    i.GetKey                                 0x080002e8   Section        0  joystick.o(i.GetKey)
    i.LED_Init                               0x08000338   Section        0  main.o(i.LED_Init)
    i.PORT_Init                              0x0800059c   Section        0  mdr32f9qx_port.o(i.PORT_Init)
    i.PORT_ResetBits                         0x08000764   Section        0  mdr32f9qx_port.o(i.PORT_ResetBits)
    i.PORT_SetBits                           0x08000780   Section        0  mdr32f9qx_port.o(i.PORT_SetBits)
    i.PORT_StructInit                        0x0800079c   Section        0  mdr32f9qx_port.o(i.PORT_StructInit)
    i.RST_CLK_CPU_PLLcmd                     0x080007b8   Section        0  mdr32f9qx_rst_clk.o(i.RST_CLK_CPU_PLLcmd)
    i.RST_CLK_CPU_PLLconfig                  0x080007c4   Section        0  mdr32f9qx_rst_clk.o(i.RST_CLK_CPU_PLLconfig)
    i.RST_CLK_CPU_PLLstatus                  0x08000804   Section        0  mdr32f9qx_rst_clk.o(i.RST_CLK_CPU_PLLstatus)
    i.RST_CLK_CPU_PLLuse                     0x08000838   Section        0  mdr32f9qx_rst_clk.o(i.RST_CLK_CPU_PLLuse)
    i.RST_CLK_CPUclkPrescaler                0x08000844   Section        0  mdr32f9qx_rst_clk.o(i.RST_CLK_CPUclkPrescaler)
    i.RST_CLK_CPUclkSelection                0x0800085c   Section        0  mdr32f9qx_rst_clk.o(i.RST_CLK_CPUclkSelection)
    i.RST_CLK_DeInit                         0x08000870   Section        0  mdr32f9qx_rst_clk.o(i.RST_CLK_DeInit)
    i.RST_CLK_GetClocksFreq                  0x0800089c   Section        0  mdr32f9qx_rst_clk.o(i.RST_CLK_GetClocksFreq)
    i.RST_CLK_GetFlagStatus                  0x08000b10   Section        0  mdr32f9qx_rst_clk.o(i.RST_CLK_GetFlagStatus)
    i.RST_CLK_HSEconfig                      0x08000b44   Section        0  mdr32f9qx_rst_clk.o(i.RST_CLK_HSEconfig)
    i.RST_CLK_HSEstatus                      0x08000b80   Section        0  mdr32f9qx_rst_clk.o(i.RST_CLK_HSEstatus)
    i.RST_CLK_HSIcmd                         0x08000bb4   Section        0  mdr32f9qx_rst_clk.o(i.RST_CLK_HSIcmd)
    i.RST_CLK_HSIstatus                      0x08000bc0   Section        0  mdr32f9qx_rst_clk.o(i.RST_CLK_HSIstatus)
    i.RST_CLK_PCLKcmd                        0x08000bf4   Section        0  mdr32f9qx_rst_clk.o(i.RST_CLK_PCLKcmd)
    i.RST_CLK_WarmDeInit                     0x08000c14   Section        0  mdr32f9qx_rst_clk.o(i.RST_CLK_WarmDeInit)
    i.SystemCoreClockUpdate                  0x08000c68   Section        0  system_mdr32f9qx.o(i.SystemCoreClockUpdate)
    i.SystemInit                             0x08000cf8   Section        0  system_mdr32f9qx.o(i.SystemInit)
    i.UART2_IRQHandler                       0x08000d38   Section        0  main.o(i.UART2_IRQHandler)
    i.UART2init                              0x08000d7c   Section        0  main.o(i.UART2init)
    i.UART_BRGInit                           0x08000e70   Section        0  mdr32f9qx_uart.o(i.UART_BRGInit)
    i.UART_ClearITPendingBit                 0x08000eac   Section        0  mdr32f9qx_uart.o(i.UART_ClearITPendingBit)
    i.UART_Cmd                               0x08000eb4   Section        0  mdr32f9qx_uart.o(i.UART_Cmd)
    i.UART_GetITStatusMasked                 0x08000ecc   Section        0  mdr32f9qx_uart.o(i.UART_GetITStatusMasked)
    i.UART_ITConfig                          0x08000edc   Section        0  mdr32f9qx_uart.o(i.UART_ITConfig)
    i.UART_Init                              0x08000ef0   Section        0  mdr32f9qx_uart.o(i.UART_Init)
    i.U_LCD_Task_Function                    0x08000fa0   Section        0  main.o(i.U_LCD_Task_Function)
    i.U_MLT_Clear_Chip                       0x08001040   Section        0  mlt_lcd.o(i.U_MLT_Clear_Chip)
    i.U_MLT_Clear_Page                       0x08001058   Section        0  mlt_lcd.o(i.U_MLT_Clear_Page)
    i.U_MLT_Delay                            0x08001092   Section        0  mlt_lcd.o(i.U_MLT_Delay)
    i.U_MLT_Disp_On                          0x080010a4   Section        0  mlt_lcd.o(i.U_MLT_Disp_On)
    i.U_MLT_Init                             0x0800114c   Section        0  mlt_lcd.o(i.U_MLT_Init)
    i.U_MLT_LCD_Init                         0x080011b4   Section        0  mlt_lcd.o(i.U_MLT_LCD_Init)
    i.U_MLT_Pin_Cfg                          0x080011f8   Section        0  mlt_lcd.o(i.U_MLT_Pin_Cfg)
    i.U_MLT_Put_Char                         0x08001278   Section        0  mlt_lcd.o(i.U_MLT_Put_Char)
    i.U_MLT_Put_Image                        0x080012fc   Section        0  mlt_lcd.o(i.U_MLT_Put_Image)
    i.U_MLT_Put_String                       0x08001388   Section        0  mlt_lcd.o(i.U_MLT_Put_String)
    i.U_MLT_Read_Status                      0x080013c0   Section        0  mlt_lcd.o(i.U_MLT_Read_Status)
    i.U_MLT_Scroll_String                    0x08001460   Section        0  mlt_lcd.o(i.U_MLT_Scroll_String)
    i.U_MLT_Set_Address                      0x080014f4   Section        0  mlt_lcd.o(i.U_MLT_Set_Address)
    i.U_MLT_Set_Data_Bits                    0x080015a0   Section        0  mlt_lcd.o(i.U_MLT_Set_Data_Bits)
    i.U_MLT_Set_Page                         0x080015c0   Section        0  mlt_lcd.o(i.U_MLT_Set_Page)
    i.U_MLT_Write_Data                       0x0800166c   Section        0  mlt_lcd.o(i.U_MLT_Write_Data)
    i.U_RST_Init                             0x08001718   Section        0  rst.o(i.U_RST_Init)
    i._sys_exit                              0x0800175c   Section        0  retarget.o(i._sys_exit)
    i.check_fs                               0x08001760   Section        0  ff.o(i.check_fs)
    check_fs                                 0x08001761   Thumb Code   138  ff.o(i.check_fs)
    i.chk_chr                                0x080017f0   Section        0  ff.o(i.chk_chr)
    chk_chr                                  0x080017f1   Thumb Code    20  ff.o(i.chk_chr)
    i.chk_mounted                            0x08001804   Section        0  ff.o(i.chk_mounted)
    chk_mounted                              0x08001805   Thumb Code   904  ff.o(i.chk_mounted)
    i.clust2sect                             0x08001ba0   Section        0  ff.o(i.clust2sect)
    i.create_chain                           0x08001bba   Section        0  ff.o(i.create_chain)
    create_chain                             0x08001bbb   Thumb Code   202  ff.o(i.create_chain)
    i.create_name                            0x08001c84   Section        0  ff.o(i.create_name)
    create_name                              0x08001c85   Thumb Code   344  ff.o(i.create_name)
    i.deselect                               0x08001dec   Section        0  mmc.o(i.deselect)
    deselect                                 0x08001ded   Thumb Code    22  mmc.o(i.deselect)
    i.dir_find                               0x08001e08   Section        0  ff.o(i.dir_find)
    dir_find                                 0x08001e09   Thumb Code    92  ff.o(i.dir_find)
    i.dir_next                               0x08001e64   Section        0  ff.o(i.dir_next)
    dir_next                                 0x08001e65   Thumb Code   280  ff.o(i.dir_next)
    i.dir_register                           0x08001f7c   Section        0  ff.o(i.dir_register)
    dir_register                             0x08001f7d   Thumb Code   110  ff.o(i.dir_register)
    i.dir_sdi                                0x08001fea   Section        0  ff.o(i.dir_sdi)
    dir_sdi                                  0x08001feb   Thumb Code   156  ff.o(i.dir_sdi)
    i.disk_initialize                        0x08002088   Section        0  mmc.o(i.disk_initialize)
    i.disk_ioctl                             0x080021d8   Section        0  mmc.o(i.disk_ioctl)
    i.disk_read                              0x08002490   Section        0  mmc.o(i.disk_read)
    i.disk_status                            0x08002524   Section        0  mmc.o(i.disk_status)
    i.disk_write                             0x08002538   Section        0  mmc.o(i.disk_write)
    i.f_mkdir                                0x080025ec   Section        0  ff.o(i.f_mkdir)
    i.f_mount                                0x0800277c   Section        0  ff.o(i.f_mount)
    i.f_open                                 0x080027a8   Section        0  ff.o(i.f_open)
    i.f_read                                 0x08002914   Section        0  ff.o(i.f_read)
    i.follow_path                            0x08002ae2   Section        0  ff.o(i.follow_path)
    follow_path                              0x08002ae3   Thumb Code   188  ff.o(i.follow_path)
    i.get_fat                                0x08002b9e   Section        0  ff.o(i.get_fat)
    i.get_fattime                            0x08002c82   Section        0  rtc.o(i.get_fattime)
    i.main                                   0x08002cc0   Section        0  main.o(i.main)
    i.mem_cmp                                0x08002d38   Section        0  ff.o(i.mem_cmp)
    mem_cmp                                  0x08002d39   Thumb Code    38  ff.o(i.mem_cmp)
    i.mem_cpy                                0x08002d5e   Section        0  ff.o(i.mem_cpy)
    mem_cpy                                  0x08002d5f   Thumb Code    26  ff.o(i.mem_cpy)
    i.mem_set                                0x08002d78   Section        0  ff.o(i.mem_set)
    mem_set                                  0x08002d79   Thumb Code    20  ff.o(i.mem_set)
    i.move_window                            0x08002d8c   Section        0  ff.o(i.move_window)
    move_window                              0x08002d8d   Thumb Code   114  ff.o(i.move_window)
    i.power_off                              0x08002dfe   Section        0  mmc.o(i.power_off)
    power_off                                0x08002dff   Thumb Code    12  mmc.o(i.power_off)
    i.power_on                               0x08002e0c   Section        0  mmc.o(i.power_on)
    power_on                                 0x08002e0d   Thumb Code   116  mmc.o(i.power_on)
    i.put_fat                                0x08002e8c   Section        0  ff.o(i.put_fat)
    i.rcvr_datablock                         0x08002fc4   Section        0  mmc.o(i.rcvr_datablock)
    rcvr_datablock                           0x08002fc5   Thumb Code    66  mmc.o(i.rcvr_datablock)
    i.rcvr_spi_multi                         0x0800300c   Section        0  mmc.o(i.rcvr_spi_multi)
    rcvr_spi_multi                           0x0800300d   Thumb Code   128  mmc.o(i.rcvr_spi_multi)
    i.remove_chain                           0x08003090   Section        0  ff.o(i.remove_chain)
    remove_chain                             0x08003091   Thumb Code   104  ff.o(i.remove_chain)
    i.rtc_gettime                            0x080030f8   Section        0  rtc.o(i.rtc_gettime)
    i.select                                 0x08003154   Section        0  mmc.o(i.select)
    select                                   0x08003155   Thumb Code    42  mmc.o(i.select)
    i.send_cmd                               0x08003184   Section        0  mmc.o(i.send_cmd)
    send_cmd                                 0x08003185   Thumb Code   146  mmc.o(i.send_cmd)
    i.sync                                   0x08003216   Section        0  ff.o(i.sync)
    sync                                     0x08003217   Thumb Code   202  ff.o(i.sync)
    i.validate                               0x080032e0   Section        0  ff.o(i.validate)
    validate                                 0x080032e1   Thumb Code    42  ff.o(i.validate)
    i.wait_ready                             0x0800330c   Section        0  mmc.o(i.wait_ready)
    wait_ready                               0x0800330d   Thumb Code    42  mmc.o(i.wait_ready)
    i.xchg_spi                               0x0800333c   Section        0  mmc.o(i.xchg_spi)
    xchg_spi                                 0x0800333d   Thumb Code    28  mmc.o(i.xchg_spi)
    i.xmit_datablock                         0x0800335c   Section        0  mmc.o(i.xmit_datablock)
    xmit_datablock                           0x0800335d   Thumb Code    76  mmc.o(i.xmit_datablock)
    i.xmit_spi_multi                         0x080033a8   Section        0  mmc.o(i.xmit_spi_multi)
    xmit_spi_multi                           0x080033a9   Thumb Code   120  mmc.o(i.xmit_spi_multi)
    .constdata                               0x08003424   Section     1824  mlt_lcd.o(.constdata)
    MLT_Font                                 0x08003424   Data        1792  mlt_lcd.o(.constdata)
    init_image                               0x08003b24   Data          32  mlt_lcd.o(.constdata)
    .constdata                               0x08003b44   Section       28  joystick.o(.constdata)
    KeyMasks                                 0x08003b44   Data          28  joystick.o(.constdata)
    .conststring                             0x08003b60   Section       11  mlt_lcd.o(.conststring)
    .data                                    0x20000000   Section       19  main.o(.data)
    ReciveByte                               0x20000012   Data           1  main.o(.data)
    .data                                    0x20000014   Section        7  ff.o(.data)
    FatFs                                    0x20000014   Data           4  ff.o(.data)
    Fsid                                     0x20000018   Data           2  ff.o(.data)
    CurrVol                                  0x2000001a   Data           1  ff.o(.data)
    .data                                    0x2000001c   Section       13  mmc.o(.data)
    Stat                                     0x2000001c   Data           1  mmc.o(.data)
    Timer1                                   0x20000020   Data           4  mmc.o(.data)
    Timer2                                   0x20000024   Data           4  mmc.o(.data)
    CardType                                 0x20000028   Data           1  mmc.o(.data)
    .data                                    0x2000002c   Section        4  mlt_lcd.o(.data)
    init_string                              0x2000002c   Data           4  mlt_lcd.o(.data)
    .data                                    0x20000030   Section        4  system_mdr32f9qx.o(.data)
    .bss                                     0x20000034   Section     1188  main.o(.bss)
    .bss                                     0x200004d8   Section       96  libspace.o(.bss)
    HEAP                                     0x20000538   Section      512  startup_mdr32f9qx.o(HEAP)
    Heap_Mem                                 0x20000538   Data         512  startup_mdr32f9qx.o(HEAP)
    STACK                                    0x20000738   Section     1024  startup_mdr32f9qx.o(STACK)
    Stack_Mem                                0x20000738   Data        1024  startup_mdr32f9qx.o(STACK)
    __initial_sp                             0x20000b38   Data           0  startup_mdr32f9qx.o(STACK)

    Global Symbols

    Symbol Name                              Value     Ov Type        Size  Object(Section)

    BuildAttributes$$THM_ISAv4$P$D$K$B$S$PE$A:L22UL41UL21$X:L11$S22US41US21$IEEE1$IW$USESV6$~STKCKD$USESV7$~SHL$OSPACE$ROPI$EBA8$UX$STANDARDLIB$REQ8$PRES8$EABIv2 0x00000000   Number         0  anon$$obj.o ABSOLUTE
    __ARM_use_no_argv                        0x00000000   Number         0  main.o ABSOLUTE
    __ARM_exceptions_init                     - Undefined Weak Reference
    __alloca_initialize                       - Undefined Weak Reference
    __arm_preinit_                            - Undefined Weak Reference
    __cpp_initialize__aeabi_                  - Undefined Weak Reference
    __cxa_finalize                            - Undefined Weak Reference
    __rt_locale                               - Undefined Weak Reference
    __sigvec_lookup                           - Undefined Weak Reference
    _atexit_init                              - Undefined Weak Reference
    _call_atexit_fns                          - Undefined Weak Reference
    _clock_init                               - Undefined Weak Reference
    _fp_trap_init                             - Undefined Weak Reference
    _fp_trap_shutdown                         - Undefined Weak Reference
    _get_lc_collate                           - Undefined Weak Reference
    _get_lc_ctype                             - Undefined Weak Reference
    _get_lc_monetary                          - Undefined Weak Reference
    _get_lc_numeric                           - Undefined Weak Reference
    _get_lc_time                              - Undefined Weak Reference
    _getenv_init                              - Undefined Weak Reference
    _handle_redirection                       - Undefined Weak Reference
    _init_alloc                               - Undefined Weak Reference
    _init_user_alloc                          - Undefined Weak Reference
    _initio                                   - Undefined Weak Reference
    _rand_init                                - Undefined Weak Reference
    _signal_finish                            - Undefined Weak Reference
    _signal_init                              - Undefined Weak Reference
    _terminate_alloc                          - Undefined Weak Reference
    _terminate_user_alloc                     - Undefined Weak Reference
    _terminateio                              - Undefined Weak Reference
    __Vectors_Size                           0x000000c0   Number         0  startup_mdr32f9qx.o ABSOLUTE
    __Vectors                                0x08000000   Data           4  startup_mdr32f9qx.o(RESET)
    __Vectors_End                            0x080000c0   Data           0  startup_mdr32f9qx.o(RESET)
    __main                                   0x080000c1   Thumb Code     8  __main.o(!!!main)
    __scatterload                            0x080000c9   Thumb Code     0  __scatter.o(!!!scatter)
    __scatterload_rt2                        0x080000c9   Thumb Code    44  __scatter.o(!!!scatter)
    __scatterload_rt2_thumb_only             0x080000c9   Thumb Code     0  __scatter.o(!!!scatter)
    __scatterload_null                       0x080000d7   Thumb Code     0  __scatter.o(!!!scatter)
    __scatterload_copy                       0x080000fd   Thumb Code    26  __scatter_copy.o(!!handler_copy)
    __scatterload_zeroinit                   0x08000119   Thumb Code    28  __scatter_zi.o(!!handler_zi)
    __rt_lib_init                            0x08000135   Thumb Code     0  libinit.o(.ARM.Collect$$libinit$$00000000)
    __rt_lib_init_alloca_1                   0x08000137   Thumb Code     0  libinit2.o(.ARM.Collect$$libinit$$0000002E)
    __rt_lib_init_argv_1                     0x08000137   Thumb Code     0  libinit2.o(.ARM.Collect$$libinit$$0000002C)
    __rt_lib_init_atexit_1                   0x08000137   Thumb Code     0  libinit2.o(.ARM.Collect$$libinit$$0000001B)
    __rt_lib_init_clock_1                    0x08000137   Thumb Code     0  libinit2.o(.ARM.Collect$$libinit$$00000021)
    __rt_lib_init_cpp_1                      0x08000137   Thumb Code     0  libinit2.o(.ARM.Collect$$libinit$$00000032)
    __rt_lib_init_exceptions_1               0x08000137   Thumb Code     0  libinit2.o(.ARM.Collect$$libinit$$00000030)
    __rt_lib_init_fp_1                       0x08000137   Thumb Code     0  libinit2.o(.ARM.Collect$$libinit$$00000002)
    __rt_lib_init_fp_trap_1                  0x08000137   Thumb Code     0  libinit2.o(.ARM.Collect$$libinit$$0000001F)
    __rt_lib_init_getenv_1                   0x08000137   Thumb Code     0  libinit2.o(.ARM.Collect$$libinit$$00000023)
    __rt_lib_init_heap_1                     0x08000137   Thumb Code     0  libinit2.o(.ARM.Collect$$libinit$$0000000A)
    __rt_lib_init_lc_collate_1               0x08000137   Thumb Code     0  libinit2.o(.ARM.Collect$$libinit$$00000011)
    __rt_lib_init_lc_ctype_1                 0x08000137   Thumb Code     0  libinit2.o(.ARM.Collect$$libinit$$00000013)
    __rt_lib_init_lc_monetary_1              0x08000137   Thumb Code     0  libinit2.o(.ARM.Collect$$libinit$$00000015)
    __rt_lib_init_lc_numeric_1               0x08000137   Thumb Code     0  libinit2.o(.ARM.Collect$$libinit$$00000017)
    __rt_lib_init_lc_time_1                  0x08000137   Thumb Code     0  libinit2.o(.ARM.Collect$$libinit$$00000019)
    __rt_lib_init_preinit_1                  0x08000137   Thumb Code     0  libinit2.o(.ARM.Collect$$libinit$$00000004)
    __rt_lib_init_rand_1                     0x08000137   Thumb Code     0  libinit2.o(.ARM.Collect$$libinit$$0000000E)
    __rt_lib_init_return                     0x08000137   Thumb Code     0  libinit2.o(.ARM.Collect$$libinit$$00000033)
    __rt_lib_init_signal_1                   0x08000137   Thumb Code     0  libinit2.o(.ARM.Collect$$libinit$$0000001D)
    __rt_lib_init_stdio_1                    0x08000137   Thumb Code     0  libinit2.o(.ARM.Collect$$libinit$$00000025)
    __rt_lib_init_user_alloc_1               0x08000137   Thumb Code     0  libinit2.o(.ARM.Collect$$libinit$$0000000C)
    __rt_lib_shutdown                        0x08000139   Thumb Code     0  libshutdown.o(.ARM.Collect$$libshutdown$$00000000)
    __rt_lib_shutdown_cpp_1                  0x0800013b   Thumb Code     0  libshutdown2.o(.ARM.Collect$$libshutdown$$00000002)
    __rt_lib_shutdown_fp_trap_1              0x0800013b   Thumb Code     0  libshutdown2.o(.ARM.Collect$$libshutdown$$00000007)
    __rt_lib_shutdown_heap_1                 0x0800013b   Thumb Code     0  libshutdown2.o(.ARM.Collect$$libshutdown$$0000000F)
    __rt_lib_shutdown_return                 0x0800013b   Thumb Code     0  libshutdown2.o(.ARM.Collect$$libshutdown$$00000010)
    __rt_lib_shutdown_signal_1               0x0800013b   Thumb Code     0  libshutdown2.o(.ARM.Collect$$libshutdown$$0000000A)
    __rt_lib_shutdown_stdio_1                0x0800013b   Thumb Code     0  libshutdown2.o(.ARM.Collect$$libshutdown$$00000004)
    __rt_lib_shutdown_user_alloc_1           0x0800013b   Thumb Code     0  libshutdown2.o(.ARM.Collect$$libshutdown$$0000000C)
    __rt_entry                               0x0800013d   Thumb Code     0  __rtentry.o(.ARM.Collect$$rtentry$$00000000)
    __rt_entry_presh_1                       0x0800013d   Thumb Code     0  __rtentry2.o(.ARM.Collect$$rtentry$$00000002)
    __rt_entry_sh                            0x0800013d   Thumb Code     0  __rtentry4.o(.ARM.Collect$$rtentry$$00000004)
    __rt_entry_li                            0x08000143   Thumb Code     0  __rtentry2.o(.ARM.Collect$$rtentry$$0000000A)
    __rt_entry_postsh_1                      0x08000143   Thumb Code     0  __rtentry2.o(.ARM.Collect$$rtentry$$00000009)
    __rt_entry_main                          0x08000147   Thumb Code     0  __rtentry2.o(.ARM.Collect$$rtentry$$0000000D)
    __rt_entry_postli_1                      0x08000147   Thumb Code     0  __rtentry2.o(.ARM.Collect$$rtentry$$0000000C)
    __rt_exit                                0x0800014f   Thumb Code     0  rtexit.o(.ARM.Collect$$rtexit$$00000000)
    __rt_exit_ls                             0x08000151   Thumb Code     0  rtexit2.o(.ARM.Collect$$rtexit$$00000003)
    __rt_exit_prels_1                        0x08000151   Thumb Code     0  rtexit2.o(.ARM.Collect$$rtexit$$00000002)
    __rt_exit_exit                           0x08000155   Thumb Code     0  rtexit2.o(.ARM.Collect$$rtexit$$00000004)
    Reset_Handler                            0x0800015d   Thumb Code     8  startup_mdr32f9qx.o(.text)
    NMI_Handler                              0x08000165   Thumb Code     2  startup_mdr32f9qx.o(.text)
    HardFault_Handler                        0x08000167   Thumb Code     2  startup_mdr32f9qx.o(.text)
    MemManage_Handler                        0x08000169   Thumb Code     2  startup_mdr32f9qx.o(.text)
    BusFault_Handler                         0x0800016b   Thumb Code     2  startup_mdr32f9qx.o(.text)
    UsageFault_Handler                       0x0800016d   Thumb Code     2  startup_mdr32f9qx.o(.text)
    SVC_Handler                              0x0800016f   Thumb Code     2  startup_mdr32f9qx.o(.text)
    DebugMon_Handler                         0x08000171   Thumb Code     2  startup_mdr32f9qx.o(.text)
    PendSV_Handler                           0x08000173   Thumb Code     2  startup_mdr32f9qx.o(.text)
    SysTick_Handler                          0x08000175   Thumb Code     2  startup_mdr32f9qx.o(.text)
    ADC_IRQHandler                           0x08000177   Thumb Code     0  startup_mdr32f9qx.o(.text)
    BACKUP_IRQHandler                        0x08000177   Thumb Code     0  startup_mdr32f9qx.o(.text)
    CAN1_IRQHandler                          0x08000177   Thumb Code     0  startup_mdr32f9qx.o(.text)
    CAN2_IRQHandler                          0x08000177   Thumb Code     0  startup_mdr32f9qx.o(.text)
    COMPARATOR_IRQHandler                    0x08000177   Thumb Code     0  startup_mdr32f9qx.o(.text)
    DMA_IRQHandler                           0x08000177   Thumb Code     0  startup_mdr32f9qx.o(.text)
    EXT_INT1_IRQHandler                      0x08000177   Thumb Code     0  startup_mdr32f9qx.o(.text)
    EXT_INT2_IRQHandler                      0x08000177   Thumb Code     0  startup_mdr32f9qx.o(.text)
    EXT_INT3_IRQHandler                      0x08000177   Thumb Code     0  startup_mdr32f9qx.o(.text)
    EXT_INT4_IRQHandler                      0x08000177   Thumb Code     0  startup_mdr32f9qx.o(.text)
    I2C_IRQHandler                           0x08000177   Thumb Code     0  startup_mdr32f9qx.o(.text)
    POWER_IRQHandler                         0x08000177   Thumb Code     0  startup_mdr32f9qx.o(.text)
    SSP1_IRQHandler                          0x08000177   Thumb Code     0  startup_mdr32f9qx.o(.text)
    SSP2_IRQHandler                          0x08000177   Thumb Code     0  startup_mdr32f9qx.o(.text)
    Timer1_IRQHandler                        0x08000177   Thumb Code     0  startup_mdr32f9qx.o(.text)
    Timer2_IRQHandler                        0x08000177   Thumb Code     0  startup_mdr32f9qx.o(.text)
    Timer3_IRQHandler                        0x08000177   Thumb Code     0  startup_mdr32f9qx.o(.text)
    UART1_IRQHandler                         0x08000177   Thumb Code     0  startup_mdr32f9qx.o(.text)
    USB_IRQHandler                           0x08000177   Thumb Code     0  startup_mdr32f9qx.o(.text)
    WWDG_IRQHandler                          0x08000177   Thumb Code     0  startup_mdr32f9qx.o(.text)
    __user_initial_stackheap                 0x08000179   Thumb Code     0  startup_mdr32f9qx.o(.text)
    __I$use$semihosting                      0x0800019d   Thumb Code     0  use_no_semi.o(.text)
    __use_no_semihosting_swi                 0x0800019d   Thumb Code     2  use_no_semi.o(.text)
    strlen                                   0x0800019f   Thumb Code    62  strlen.o(.text)
    __aeabi_memcpy4                          0x080001dd   Thumb Code     0  rt_memcpy_w.o(.text)
    __aeabi_memcpy8                          0x080001dd   Thumb Code     0  rt_memcpy_w.o(.text)
    __rt_memcpy_w                            0x080001dd   Thumb Code   100  rt_memcpy_w.o(.text)
    _memcpy_lastbytes_aligned                0x08000225   Thumb Code     0  rt_memcpy_w.o(.text)
    __use_two_region_memory                  0x08000241   Thumb Code     2  heapauxi.o(.text)
    __rt_heap_escrow$2region                 0x08000243   Thumb Code     2  heapauxi.o(.text)
    __rt_heap_expand$2region                 0x08000245   Thumb Code     2  heapauxi.o(.text)
    __user_setup_stackheap                   0x08000247   Thumb Code    74  sys_stackheap_outer.o(.text)
    exit                                     0x08000291   Thumb Code    18  exit.o(.text)
    __user_libspace                          0x080002a5   Thumb Code     8  libspace.o(.text)
    __user_perproc_libspace                  0x080002a5   Thumb Code     0  libspace.o(.text)
    __user_perthread_libspace                0x080002a5   Thumb Code     0  libspace.o(.text)
    BKP_RTC_GetCounter                       0x080002ad   Thumb Code     6  mdr32f9qx_bkp.o(i.BKP_RTC_GetCounter)
    Button_Init                              0x080002b9   Thumb Code    38  main.o(i.Button_Init)
    GetKey                                   0x080002e9   Thumb Code    72  joystick.o(i.GetKey)
    LED_Init                                 0x08000339   Thumb Code   598  main.o(i.LED_Init)
    PORT_Init                                0x0800059d   Thumb Code   450  mdr32f9qx_port.o(i.PORT_Init)
    PORT_ResetBits                           0x08000765   Thumb Code    22  mdr32f9qx_port.o(i.PORT_ResetBits)
    PORT_SetBits                             0x08000781   Thumb Code    22  mdr32f9qx_port.o(i.PORT_SetBits)
    PORT_StructInit                          0x0800079d   Thumb Code    28  mdr32f9qx_port.o(i.PORT_StructInit)
    RST_CLK_CPU_PLLcmd                       0x080007b9   Thumb Code     6  mdr32f9qx_rst_clk.o(i.RST_CLK_CPU_PLLcmd)
    RST_CLK_CPU_PLLconfig                    0x080007c5   Thumb Code    54  mdr32f9qx_rst_clk.o(i.RST_CLK_CPU_PLLconfig)
    RST_CLK_CPU_PLLstatus                    0x08000805   Thumb Code    52  mdr32f9qx_rst_clk.o(i.RST_CLK_CPU_PLLstatus)
    RST_CLK_CPU_PLLuse                       0x08000839   Thumb Code     6  mdr32f9qx_rst_clk.o(i.RST_CLK_CPU_PLLuse)
    RST_CLK_CPUclkPrescaler                  0x08000845   Thumb Code    18  mdr32f9qx_rst_clk.o(i.RST_CLK_CPUclkPrescaler)
    RST_CLK_CPUclkSelection                  0x0800085d   Thumb Code    16  mdr32f9qx_rst_clk.o(i.RST_CLK_CPUclkSelection)
    RST_CLK_DeInit                           0x08000871   Thumb Code    38  mdr32f9qx_rst_clk.o(i.RST_CLK_DeInit)
    RST_CLK_GetClocksFreq                    0x0800089d   Thumb Code   620  mdr32f9qx_rst_clk.o(i.RST_CLK_GetClocksFreq)
    RST_CLK_GetFlagStatus                    0x08000b11   Thumb Code    42  mdr32f9qx_rst_clk.o(i.RST_CLK_GetFlagStatus)
    RST_CLK_HSEconfig                        0x08000b45   Thumb Code    56  mdr32f9qx_rst_clk.o(i.RST_CLK_HSEconfig)
    RST_CLK_HSEstatus                        0x08000b81   Thumb Code    52  mdr32f9qx_rst_clk.o(i.RST_CLK_HSEstatus)
    RST_CLK_HSIcmd                           0x08000bb5   Thumb Code     6  mdr32f9qx_rst_clk.o(i.RST_CLK_HSIcmd)
    RST_CLK_HSIstatus                        0x08000bc1   Thumb Code    52  mdr32f9qx_rst_clk.o(i.RST_CLK_HSIstatus)
    RST_CLK_PCLKcmd                          0x08000bf5   Thumb Code    26  mdr32f9qx_rst_clk.o(i.RST_CLK_PCLKcmd)
    RST_CLK_WarmDeInit                       0x08000c15   Thumb Code    74  mdr32f9qx_rst_clk.o(i.RST_CLK_WarmDeInit)
    SystemCoreClockUpdate                    0x08000c69   Thumb Code   130  system_mdr32f9qx.o(i.SystemCoreClockUpdate)
    SystemInit                               0x08000cf9   Thumb Code    54  system_mdr32f9qx.o(i.SystemInit)
    UART2_IRQHandler                         0x08000d39   Thumb Code    56  main.o(i.UART2_IRQHandler)
    UART2init                                0x08000d7d   Thumb Code   226  main.o(i.UART2init)
    UART_BRGInit                             0x08000e71   Thumb Code    48  mdr32f9qx_uart.o(i.UART_BRGInit)
    UART_ClearITPendingBit                   0x08000ead   Thumb Code     8  mdr32f9qx_uart.o(i.UART_ClearITPendingBit)
    UART_Cmd                                 0x08000eb5   Thumb Code    24  mdr32f9qx_uart.o(i.UART_Cmd)
    UART_GetITStatusMasked                   0x08000ecd   Thumb Code    16  mdr32f9qx_uart.o(i.UART_GetITStatusMasked)
    UART_ITConfig                            0x08000edd   Thumb Code    18  mdr32f9qx_uart.o(i.UART_ITConfig)
    UART_Init                                0x08000ef1   Thumb Code   162  mdr32f9qx_uart.o(i.UART_Init)
    U_LCD_Task_Function                      0x08000fa1   Thumb Code   100  main.o(i.U_LCD_Task_Function)
    U_MLT_Clear_Chip                         0x08001041   Thumb Code    24  mlt_lcd.o(i.U_MLT_Clear_Chip)
    U_MLT_Clear_Page                         0x08001059   Thumb Code    58  mlt_lcd.o(i.U_MLT_Clear_Page)
    U_MLT_Delay                              0x08001093   Thumb Code    18  mlt_lcd.o(i.U_MLT_Delay)
    U_MLT_Disp_On                            0x080010a5   Thumb Code   156  mlt_lcd.o(i.U_MLT_Disp_On)
    U_MLT_Init                               0x0800114d   Thumb Code    94  mlt_lcd.o(i.U_MLT_Init)
    U_MLT_LCD_Init                           0x080011b5   Thumb Code    64  mlt_lcd.o(i.U_MLT_LCD_Init)
    U_MLT_Pin_Cfg                            0x080011f9   Thumb Code   114  mlt_lcd.o(i.U_MLT_Pin_Cfg)
    U_MLT_Put_Char                           0x08001279   Thumb Code   128  mlt_lcd.o(i.U_MLT_Put_Char)
    U_MLT_Put_Image                          0x080012fd   Thumb Code   140  mlt_lcd.o(i.U_MLT_Put_Image)
    U_MLT_Put_String                         0x08001389   Thumb Code    54  mlt_lcd.o(i.U_MLT_Put_String)
    U_MLT_Read_Status                        0x080013c1   Thumb Code   146  mlt_lcd.o(i.U_MLT_Read_Status)
    U_MLT_Scroll_String                      0x08001461   Thumb Code   148  mlt_lcd.o(i.U_MLT_Scroll_String)
    U_MLT_Set_Address                        0x080014f5   Thumb Code   160  mlt_lcd.o(i.U_MLT_Set_Address)
    U_MLT_Set_Data_Bits                      0x080015a1   Thumb Code    26  mlt_lcd.o(i.U_MLT_Set_Data_Bits)
    U_MLT_Set_Page                           0x080015c1   Thumb Code   160  mlt_lcd.o(i.U_MLT_Set_Page)
    U_MLT_Write_Data                         0x0800166d   Thumb Code   158  mlt_lcd.o(i.U_MLT_Write_Data)
    U_RST_Init                               0x08001719   Thumb Code    68  rst.o(i.U_RST_Init)
    _sys_exit                                0x0800175d   Thumb Code     4  retarget.o(i._sys_exit)
    clust2sect                               0x08001ba1   Thumb Code    26  ff.o(i.clust2sect)
    disk_initialize                          0x08002089   Thumb Code   318  mmc.o(i.disk_initialize)
    disk_ioctl                               0x080021d9   Thumb Code   686  mmc.o(i.disk_ioctl)
    disk_read                                0x08002491   Thumb Code   138  mmc.o(i.disk_read)
    disk_status                              0x08002525   Thumb Code    14  mmc.o(i.disk_status)
    disk_write                               0x08002539   Thumb Code   172  mmc.o(i.disk_write)
    f_mkdir                                  0x080025ed   Thumb Code   398  ff.o(i.f_mkdir)
    f_mount                                  0x0800277d   Thumb Code    38  ff.o(i.f_mount)
    f_open                                   0x080027a9   Thumb Code   364  ff.o(i.f_open)
    f_read                                   0x08002915   Thumb Code   462  ff.o(i.f_read)
    get_fat                                  0x08002b9f   Thumb Code   228  ff.o(i.get_fat)
    get_fattime                              0x08002c83   Thumb Code    60  rtc.o(i.get_fattime)
    main                                     0x08002cc1   Thumb Code    78  main.o(i.main)
    put_fat                                  0x08002e8d   Thumb Code   310  ff.o(i.put_fat)
    rtc_gettime                              0x080030f9   Thumb Code    86  rtc.o(i.rtc_gettime)
    Region$$Table$$Base                      0x08003b6c   Number         0  anon$$obj.o(Region$$Table)
    Region$$Table$$Limit                     0x08003b8c   Number         0  anon$$obj.o(Region$$Table)
    i                                        0x20000000   Data           4  main.o(.data)
    uart2_IT_TX_flag                         0x20000004   Data           4  main.o(.data)
    uart2_IT_RX_flag                         0x20000008   Data           4  main.o(.data)
    lin                                      0x2000000c   Data           4  main.o(.data)
    res                                      0x20000010   Data           1  main.o(.data)
    temp                                     0x20000011   Data           1  main.o(.data)
    SystemCoreClock                          0x20000030   Data           4  system_mdr32f9qx.o(.data)
    PortInit                                 0x20000034   Data          12  main.o(.bss)
    UART_InitStructure                       0x20000040   Data          16  main.o(.bss)
    fs                                       0x20000050   Data         564  main.o(.bss)
    file                                     0x20000284   Data         548  main.o(.bss)
    dj                                       0x200004a8   Data          28  main.o(.bss)
    buffer                                   0x200004c4   Data          20  main.o(.bss)
    __libspace_start                         0x200004d8   Data          96  libspace.o(.bss)
    __temporary_stack_top$libspace           0x20000538   Data           0  libspace.o(.bss)



==============================================================================

Memory Map of the image

  Image Entry point : 0x0800015d

  Load Region LR_1 (Base: 0x08000000, Size: 0x00003bc0, Max: 0xffffffff, ABSOLUTE)

    Execution Region ER_RO (Base: 0x08000000, Size: 0x00003b8c, Max: 0xffffffff, ABSOLUTE)

    Base Addr    Size         Type   Attr      Idx    E Section Name        Object

    0x08000000   0x000000c0   Data   RO          909    RESET               startup_mdr32f9qx.o
    0x080000c0   0x00000008   Code   RO         1358  * !!!main             c_w.l(__main.o)
    0x080000c8   0x00000034   Code   RO         1509    !!!scatter          c_w.l(__scatter.o)
    0x080000fc   0x0000001a   Code   RO         1511    !!handler_copy      c_w.l(__scatter_copy.o)
    0x08000116   0x00000002   PAD
    0x08000118   0x0000001c   Code   RO         1513    !!handler_zi        c_w.l(__scatter_zi.o)
    0x08000134   0x00000002   Code   RO         1385    .ARM.Collect$$libinit$$00000000  c_w.l(libinit.o)
    0x08000136   0x00000000   Code   RO         1392    .ARM.Collect$$libinit$$00000002  c_w.l(libinit2.o)
    0x08000136   0x00000000   Code   RO         1394    .ARM.Collect$$libinit$$00000004  c_w.l(libinit2.o)
    0x08000136   0x00000000   Code   RO         1397    .ARM.Collect$$libinit$$0000000A  c_w.l(libinit2.o)
    0x08000136   0x00000000   Code   RO         1399    .ARM.Collect$$libinit$$0000000C  c_w.l(libinit2.o)
    0x08000136   0x00000000   Code   RO         1401    .ARM.Collect$$libinit$$0000000E  c_w.l(libinit2.o)
    0x08000136   0x00000000   Code   RO         1404    .ARM.Collect$$libinit$$00000011  c_w.l(libinit2.o)
    0x08000136   0x00000000   Code   RO         1406    .ARM.Collect$$libinit$$00000013  c_w.l(libinit2.o)
    0x08000136   0x00000000   Code   RO         1408    .ARM.Collect$$libinit$$00000015  c_w.l(libinit2.o)
    0x08000136   0x00000000   Code   RO         1410    .ARM.Collect$$libinit$$00000017  c_w.l(libinit2.o)
    0x08000136   0x00000000   Code   RO         1412    .ARM.Collect$$libinit$$00000019  c_w.l(libinit2.o)
    0x08000136   0x00000000   Code   RO         1414    .ARM.Collect$$libinit$$0000001B  c_w.l(libinit2.o)
    0x08000136   0x00000000   Code   RO         1416    .ARM.Collect$$libinit$$0000001D  c_w.l(libinit2.o)
    0x08000136   0x00000000   Code   RO         1418    .ARM.Collect$$libinit$$0000001F  c_w.l(libinit2.o)
    0x08000136   0x00000000   Code   RO         1420    .ARM.Collect$$libinit$$00000021  c_w.l(libinit2.o)
    0x08000136   0x00000000   Code   RO         1422    .ARM.Collect$$libinit$$00000023  c_w.l(libinit2.o)
    0x08000136   0x00000000   Code   RO         1424    .ARM.Collect$$libinit$$00000025  c_w.l(libinit2.o)
    0x08000136   0x00000000   Code   RO         1428    .ARM.Collect$$libinit$$0000002C  c_w.l(libinit2.o)
    0x08000136   0x00000000   Code   RO         1430    .ARM.Collect$$libinit$$0000002E  c_w.l(libinit2.o)
    0x08000136   0x00000000   Code   RO         1432    .ARM.Collect$$libinit$$00000030  c_w.l(libinit2.o)
    0x08000136   0x00000000   Code   RO         1434    .ARM.Collect$$libinit$$00000032  c_w.l(libinit2.o)
    0x08000136   0x00000002   Code   RO         1435    .ARM.Collect$$libinit$$00000033  c_w.l(libinit2.o)
    0x08000138   0x00000002   Code   RO         1453    .ARM.Collect$$libshutdown$$00000000  c_w.l(libshutdown.o)
    0x0800013a   0x00000000   Code   RO         1463    .ARM.Collect$$libshutdown$$00000002  c_w.l(libshutdown2.o)
    0x0800013a   0x00000000   Code   RO         1465    .ARM.Collect$$libshutdown$$00000004  c_w.l(libshutdown2.o)
    0x0800013a   0x00000000   Code   RO         1468    .ARM.Collect$$libshutdown$$00000007  c_w.l(libshutdown2.o)
    0x0800013a   0x00000000   Code   RO         1471    .ARM.Collect$$libshutdown$$0000000A  c_w.l(libshutdown2.o)
    0x0800013a   0x00000000   Code   RO         1473    .ARM.Collect$$libshutdown$$0000000C  c_w.l(libshutdown2.o)
    0x0800013a   0x00000000   Code   RO         1476    .ARM.Collect$$libshutdown$$0000000F  c_w.l(libshutdown2.o)
    0x0800013a   0x00000002   Code   RO         1477    .ARM.Collect$$libshutdown$$00000010  c_w.l(libshutdown2.o)
    0x0800013c   0x00000000   Code   RO         1360    .ARM.Collect$$rtentry$$00000000  c_w.l(__rtentry.o)
    0x0800013c   0x00000000   Code   RO         1362    .ARM.Collect$$rtentry$$00000002  c_w.l(__rtentry2.o)
    0x0800013c   0x00000006   Code   RO         1374    .ARM.Collect$$rtentry$$00000004  c_w.l(__rtentry4.o)
    0x08000142   0x00000000   Code   RO         1364    .ARM.Collect$$rtentry$$00000009  c_w.l(__rtentry2.o)
    0x08000142   0x00000004   Code   RO         1365    .ARM.Collect$$rtentry$$0000000A  c_w.l(__rtentry2.o)
    0x08000146   0x00000000   Code   RO         1367    .ARM.Collect$$rtentry$$0000000C  c_w.l(__rtentry2.o)
    0x08000146   0x00000008   Code   RO         1368    .ARM.Collect$$rtentry$$0000000D  c_w.l(__rtentry2.o)
    0x0800014e   0x00000002   Code   RO         1389    .ARM.Collect$$rtexit$$00000000  c_w.l(rtexit.o)
    0x08000150   0x00000000   Code   RO         1437    .ARM.Collect$$rtexit$$00000002  c_w.l(rtexit2.o)
    0x08000150   0x00000004   Code   RO         1438    .ARM.Collect$$rtexit$$00000003  c_w.l(rtexit2.o)
    0x08000154   0x00000006   Code   RO         1439    .ARM.Collect$$rtexit$$00000004  c_w.l(rtexit2.o)
    0x0800015a   0x00000002   PAD
    0x0800015c   0x00000040   Code   RO          910  * .text               startup_mdr32f9qx.o
    0x0800019c   0x00000002   Code   RO         1350    .text               c_w.l(use_no_semi.o)
    0x0800019e   0x0000003e   Code   RO         1352    .text               c_w.l(strlen.o)
    0x080001dc   0x00000064   Code   RO         1354    .text               c_w.l(rt_memcpy_w.o)
    0x08000240   0x00000006   Code   RO         1356    .text               c_w.l(heapauxi.o)
    0x08000246   0x0000004a   Code   RO         1376    .text               c_w.l(sys_stackheap_outer.o)
    0x08000290   0x00000012   Code   RO         1378    .text               c_w.l(exit.o)
    0x080002a2   0x00000002   PAD
    0x080002a4   0x00000008   Code   RO         1386    .text               c_w.l(libspace.o)
    0x080002ac   0x0000000c   Code   RO          605    i.BKP_RTC_GetCounter  mdr32f9qx_bkp.o
    0x080002b8   0x00000030   Code   RO            3    i.Button_Init       main.o
    0x080002e8   0x00000050   Code   RO          884    i.GetKey            joystick.o
    0x08000338   0x00000264   Code   RO            4    i.LED_Init          main.o
    0x0800059c   0x000001c8   Code   RO          949    i.PORT_Init         mdr32f9qx_port.o
    0x08000764   0x0000001c   Code   RO          952    i.PORT_ResetBits    mdr32f9qx_port.o
    0x08000780   0x0000001c   Code   RO          953    i.PORT_SetBits      mdr32f9qx_port.o
    0x0800079c   0x0000001c   Code   RO          954    i.PORT_StructInit   mdr32f9qx_port.o
    0x080007b8   0x0000000c   Code   RO         1019    i.RST_CLK_CPU_PLLcmd  mdr32f9qx_rst_clk.o
    0x080007c4   0x00000040   Code   RO         1020    i.RST_CLK_CPU_PLLconfig  mdr32f9qx_rst_clk.o
    0x08000804   0x00000034   Code   RO         1021    i.RST_CLK_CPU_PLLstatus  mdr32f9qx_rst_clk.o
    0x08000838   0x0000000c   Code   RO         1022    i.RST_CLK_CPU_PLLuse  mdr32f9qx_rst_clk.o
    0x08000844   0x00000018   Code   RO         1023    i.RST_CLK_CPUclkPrescaler  mdr32f9qx_rst_clk.o
    0x0800085c   0x00000014   Code   RO         1024    i.RST_CLK_CPUclkSelection  mdr32f9qx_rst_clk.o
    0x08000870   0x0000002c   Code   RO         1025    i.RST_CLK_DeInit    mdr32f9qx_rst_clk.o
    0x0800089c   0x00000274   Code   RO         1026    i.RST_CLK_GetClocksFreq  mdr32f9qx_rst_clk.o
    0x08000b10   0x00000034   Code   RO         1027    i.RST_CLK_GetFlagStatus  mdr32f9qx_rst_clk.o
    0x08000b44   0x0000003c   Code   RO         1029    i.RST_CLK_HSEconfig  mdr32f9qx_rst_clk.o
    0x08000b80   0x00000034   Code   RO         1030    i.RST_CLK_HSEstatus  mdr32f9qx_rst_clk.o
    0x08000bb4   0x0000000c   Code   RO         1033    i.RST_CLK_HSIcmd    mdr32f9qx_rst_clk.o
    0x08000bc0   0x00000034   Code   RO         1034    i.RST_CLK_HSIstatus  mdr32f9qx_rst_clk.o
    0x08000bf4   0x00000020   Code   RO         1040    i.RST_CLK_PCLKcmd   mdr32f9qx_rst_clk.o
    0x08000c14   0x00000054   Code   RO         1049    i.RST_CLK_WarmDeInit  mdr32f9qx_rst_clk.o
    0x08000c68   0x00000090   Code   RO          916    i.SystemCoreClockUpdate  system_mdr32f9qx.o
    0x08000cf8   0x00000040   Code   RO          917    i.SystemInit        system_mdr32f9qx.o
    0x08000d38   0x00000044   Code   RO            6    i.UART2_IRQHandler  main.o
    0x08000d7c   0x000000f4   Code   RO            7    i.UART2init         main.o
    0x08000e70   0x0000003c   Code   RO         1234    i.UART_BRGInit      mdr32f9qx_uart.o
    0x08000eac   0x00000008   Code   RO         1236    i.UART_ClearITPendingBit  mdr32f9qx_uart.o
    0x08000eb4   0x00000018   Code   RO         1237    i.UART_Cmd          mdr32f9qx_uart.o
    0x08000ecc   0x00000010   Code   RO         1243    i.UART_GetITStatusMasked  mdr32f9qx_uart.o
    0x08000edc   0x00000012   Code   RO         1244    i.UART_ITConfig     mdr32f9qx_uart.o
    0x08000eee   0x00000002   PAD
    0x08000ef0   0x000000b0   Code   RO         1245    i.UART_Init         mdr32f9qx_uart.o
    0x08000fa0   0x000000a0   Code   RO            8    i.U_LCD_Task_Function  main.o
    0x08001040   0x00000018   Code   RO          704    i.U_MLT_Clear_Chip  mlt_lcd.o
    0x08001058   0x0000003a   Code   RO          705    i.U_MLT_Clear_Page  mlt_lcd.o
    0x08001092   0x00000012   Code   RO          706    i.U_MLT_Delay       mlt_lcd.o
    0x080010a4   0x000000a8   Code   RO          708    i.U_MLT_Disp_On     mlt_lcd.o
    0x0800114c   0x00000068   Code   RO          709    i.U_MLT_Init        mlt_lcd.o
    0x080011b4   0x00000044   Code   RO          710    i.U_MLT_LCD_Init    mlt_lcd.o
    0x080011f8   0x00000080   Code   RO          711    i.U_MLT_Pin_Cfg     mlt_lcd.o
    0x08001278   0x00000084   Code   RO          712    i.U_MLT_Put_Char    mlt_lcd.o
    0x080012fc   0x0000008c   Code   RO          713    i.U_MLT_Put_Image   mlt_lcd.o
    0x08001388   0x00000036   Code   RO          714    i.U_MLT_Put_String  mlt_lcd.o
    0x080013be   0x00000002   PAD
    0x080013c0   0x000000a0   Code   RO          716    i.U_MLT_Read_Status  mlt_lcd.o
    0x08001460   0x00000094   Code   RO          717    i.U_MLT_Scroll_String  mlt_lcd.o
    0x080014f4   0x000000ac   Code   RO          718    i.U_MLT_Set_Address  mlt_lcd.o
    0x080015a0   0x00000020   Code   RO          719    i.U_MLT_Set_Data_Bits  mlt_lcd.o
    0x080015c0   0x000000ac   Code   RO          720    i.U_MLT_Set_Page    mlt_lcd.o
    0x0800166c   0x000000ac   Code   RO          721    i.U_MLT_Write_Data  mlt_lcd.o
    0x08001718   0x00000044   Code   RO          833    i.U_RST_Init        rst.o
    0x0800175c   0x00000004   Code   RO          851    i._sys_exit         retarget.o
    0x08001760   0x00000090   Code   RO          169    i.check_fs          ff.o
    0x080017f0   0x00000014   Code   RO          170    i.chk_chr           ff.o
    0x08001804   0x0000039c   Code   RO          171    i.chk_mounted       ff.o
    0x08001ba0   0x0000001a   Code   RO          172    i.clust2sect        ff.o
    0x08001bba   0x000000ca   Code   RO          173    i.create_chain      ff.o
    0x08001c84   0x00000168   Code   RO          174    i.create_name       ff.o
    0x08001dec   0x0000001c   Code   RO          451    i.deselect          mmc.o
    0x08001e08   0x0000005c   Code   RO          175    i.dir_find          ff.o
    0x08001e64   0x00000118   Code   RO          176    i.dir_next          ff.o
    0x08001f7c   0x0000006e   Code   RO          178    i.dir_register      ff.o
    0x08001fea   0x0000009c   Code   RO          180    i.dir_sdi           ff.o
    0x08002086   0x00000002   PAD
    0x08002088   0x00000150   Code   RO          452    i.disk_initialize   mmc.o
    0x080021d8   0x000002b8   Code   RO          453    i.disk_ioctl        mmc.o
    0x08002490   0x00000094   Code   RO          454    i.disk_read         mmc.o
    0x08002524   0x00000014   Code   RO          455    i.disk_status       mmc.o
    0x08002538   0x000000b4   Code   RO          457    i.disk_write        mmc.o
    0x080025ec   0x0000018e   Code   RO          189    i.f_mkdir           ff.o
    0x0800277a   0x00000002   PAD
    0x0800277c   0x0000002c   Code   RO          191    i.f_mount           ff.o
    0x080027a8   0x0000016c   Code   RO          192    i.f_open            ff.o
    0x08002914   0x000001ce   Code   RO          197    i.f_read            ff.o
    0x08002ae2   0x000000bc   Code   RO          206    i.follow_path       ff.o
    0x08002b9e   0x000000e4   Code   RO          207    i.get_fat           ff.o
    0x08002c82   0x0000003c   Code   RO          562    i.get_fattime       rtc.o
    0x08002cbe   0x00000002   PAD
    0x08002cc0   0x00000078   Code   RO            9    i.main              main.o
    0x08002d38   0x00000026   Code   RO          209    i.mem_cmp           ff.o
    0x08002d5e   0x0000001a   Code   RO          210    i.mem_cpy           ff.o
    0x08002d78   0x00000014   Code   RO          211    i.mem_set           ff.o
    0x08002d8c   0x00000072   Code   RO          212    i.move_window       ff.o
    0x08002dfe   0x0000000c   Code   RO          458    i.power_off         mmc.o
    0x08002e0a   0x00000002   PAD
    0x08002e0c   0x00000080   Code   RO          459    i.power_on          mmc.o
    0x08002e8c   0x00000136   Code   RO          213    i.put_fat           ff.o
    0x08002fc2   0x00000002   PAD
    0x08002fc4   0x00000048   Code   RO          460    i.rcvr_datablock    mmc.o
    0x0800300c   0x00000084   Code   RO          461    i.rcvr_spi_multi    mmc.o
    0x08003090   0x00000068   Code   RO          214    i.remove_chain      ff.o
    0x080030f8   0x0000005c   Code   RO          563    i.rtc_gettime       rtc.o
    0x08003154   0x00000030   Code   RO          462    i.select            mmc.o
    0x08003184   0x00000092   Code   RO          463    i.send_cmd          mmc.o
    0x08003216   0x000000ca   Code   RO          215    i.sync              ff.o
    0x080032e0   0x0000002a   Code   RO          216    i.validate          ff.o
    0x0800330a   0x00000002   PAD
    0x0800330c   0x00000030   Code   RO          464    i.wait_ready        mmc.o
    0x0800333c   0x00000020   Code   RO          465    i.xchg_spi          mmc.o
    0x0800335c   0x0000004c   Code   RO          466    i.xmit_datablock    mmc.o
    0x080033a8   0x0000007c   Code   RO          467    i.xmit_spi_multi    mmc.o
    0x08003424   0x00000720   Data   RO          722    .constdata          mlt_lcd.o
    0x08003b44   0x0000001c   Data   RO          885    .constdata          joystick.o
    0x08003b60   0x0000000b   Data   RO          723    .conststring        mlt_lcd.o
    0x08003b6b   0x00000001   PAD
    0x08003b6c   0x00000020   Data   RO         1507    Region$$Table       anon$$obj.o


    Execution Region ER_RW (Base: 0x20000000, Size: 0x00000034, Max: 0xffffffff, ABSOLUTE)

    Base Addr    Size         Type   Attr      Idx    E Section Name        Object

    0x20000000   0x00000013   Data   RW           12    .data               main.o
    0x20000013   0x00000001   PAD
    0x20000014   0x00000007   Data   RW          218    .data               ff.o
    0x2000001b   0x00000001   PAD
    0x2000001c   0x0000000d   Data   RW          468    .data               mmc.o
    0x20000029   0x00000003   PAD
    0x2000002c   0x00000004   Data   RW          724    .data               mlt_lcd.o
    0x20000030   0x00000004   Data   RW          918    .data               system_mdr32f9qx.o


    Execution Region ER_ZI (Base: 0x20000034, Size: 0x00000b04, Max: 0xffffffff, ABSOLUTE)

    Base Addr    Size         Type   Attr      Idx    E Section Name        Object

    0x20000034   0x000004a4   Zero   RW           10    .bss                main.o
    0x200004d8   0x00000060   Zero   RW         1387    .bss                c_w.l(libspace.o)
    0x20000538   0x00000200   Zero   RW          908    HEAP                startup_mdr32f9qx.o
    0x20000738   0x00000400   Zero   RW          907    STACK               startup_mdr32f9qx.o


==============================================================================

Image component sizes


      Code (inc. data)   RO Data    RW Data    ZI Data      Debug   Object Name

      4854         48          0          7          0      20387   ff.o
        80          8         28          0          0       1873   joystick.o
      1252        156          0         19       1188     105719   main.o
        12          6          0          0          0        549   mdr32f9qx_bkp.o
       540         18          0          0          0       3426   mdr32f9qx_port.o
      1200         82          0          0          0      12939   mdr32f9qx_rst_clk.o
       302         26          0          0          0       5376   mdr32f9qx_uart.o
      1750        102       1835          4          0       9992   mlt_lcd.o
      2226        116          0         13          0      11322   mmc.o
         4          0          0          0          0        404   retarget.o
        68          0          0          0          0        441   rst.o
       152          6          0          0          0       1344   rtc.o
        64         26        192          0       1536        816   startup_mdr32f9qx.o
       208         24          0          4          0       1403   system_mdr32f9qx.o

    ----------------------------------------------------------------------
     12728        618       2088         52       2724     175991   Object Totals
         0          0         32          0          0          0   (incl. Generated)
        16          0          1          5          0          0   (incl. Padding)

    ----------------------------------------------------------------------

      Code (inc. data)   RO Data    RW Data    ZI Data      Debug   Library Member Name

         8          0          0          0          0         68   __main.o
         0          0          0          0          0          0   __rtentry.o
        12          0          0          0          0          0   __rtentry2.o
         6          0          0          0          0          0   __rtentry4.o
        52          8          0          0          0          0   __scatter.o
        26          0          0          0          0          0   __scatter_copy.o
        28          0          0          0          0          0   __scatter_zi.o
        18          0          0          0          0         80   exit.o
         6          0          0          0          0        152   heapauxi.o
         2          0          0          0          0          0   libinit.o
         2          0          0          0          0          0   libinit2.o
         2          0          0          0          0          0   libshutdown.o
         2          0          0          0          0          0   libshutdown2.o
         8          4          0          0         96         68   libspace.o
       100          0          0          0          0         80   rt_memcpy_w.o
         2          0          0          0          0          0   rtexit.o
        10          0          0          0          0          0   rtexit2.o
        62          0          0          0          0         76   strlen.o
        74          0          0          0          0         80   sys_stackheap_outer.o
         2          0          0          0          0         68   use_no_semi.o

    ----------------------------------------------------------------------
       428         12          0          0         96        672   Library Totals
         6          0          0          0          0          0   (incl. Padding)

    ----------------------------------------------------------------------

      Code (inc. data)   RO Data    RW Data    ZI Data      Debug   Library Name

       422         12          0          0         96        672   c_w.l

    ----------------------------------------------------------------------
       428         12          0          0         96        672   Library Totals

    ----------------------------------------------------------------------

==============================================================================


      Code (inc. data)   RO Data    RW Data    ZI Data      Debug   

     13156        630       2088         52       2820     171719   Grand Totals
     13156        630       2088         52       2820     171719   ELF Image Totals
     13156        630       2088         52          0          0   ROM Totals

==============================================================================

    Total RO  Size (Code + RO Data)                15244 (  14.89kB)
    Total RW  Size (RW Data + ZI Data)              2872 (   2.80kB)
    Total ROM Size (Code + RO Data + RW Data)      15296 (  14.94kB)

==============================================================================

